Component: Arm Compiler for Embedded 6.18 Tool: armlink [5e4cc100]

==============================================================================

Section Cross References

    startup_stm32f030x6.o(STACK) refers (Special) to heapauxi.o(.text) for __use_two_region_memory
    startup_stm32f030x6.o(HEAP) refers (Special) to heapauxi.o(.text) for __use_two_region_memory
    startup_stm32f030x6.o(RESET) refers (Special) to heapauxi.o(.text) for __use_two_region_memory
    startup_stm32f030x6.o(RESET) refers to startup_stm32f030x6.o(STACK) for __initial_sp
    startup_stm32f030x6.o(RESET) refers to startup_stm32f030x6.o(.text) for Reset_Handler
    startup_stm32f030x6.o(RESET) refers to stm32f0xx_it.o(.text.NMI_Handler) for NMI_Handler
    startup_stm32f030x6.o(RESET) refers to stm32f0xx_it.o(.text.HardFault_Handler) for HardFault_Handler
    startup_stm32f030x6.o(RESET) refers to stm32f0xx_it.o(.text.SVC_Handler) for SVC_Handler
    startup_stm32f030x6.o(RESET) refers to stm32f0xx_it.o(.text.PendSV_Handler) for PendSV_Handler
    startup_stm32f030x6.o(RESET) refers to stm32f0xx_it.o(.text.SysTick_Handler) for SysTick_Handler
    startup_stm32f030x6.o(.text) refers (Special) to heapauxi.o(.text) for __use_two_region_memory
    startup_stm32f030x6.o(.text) refers to system_stm32f0xx.o(.text.SystemInit) for SystemInit
    startup_stm32f030x6.o(.text) refers to __main.o(!!!main) for __main
    startup_stm32f030x6.o(.text) refers to startup_stm32f030x6.o(HEAP) for Heap_Mem
    startup_stm32f030x6.o(.text) refers to startup_stm32f030x6.o(STACK) for Stack_Mem
    main.o(.text.main) refers to stm32f0xx_hal.o(.text.HAL_Init) for HAL_Init
    main.o(.text.main) refers to main.o(.text.SystemClock_Config) for SystemClock_Config
    main.o(.text.main) refers to main.o(.text.MX_GPIO_Init) for MX_GPIO_Init
    main.o(.text.main) refers to asm_sum.o(asm_unc) for asm_sum
    main.o(.text.main) refers to stm32f0xx_hal_gpio.o(.text.HAL_GPIO_WritePin) for HAL_GPIO_WritePin
    main.o(.text.main) refers to stm32f0xx_hal.o(.text.HAL_Delay) for HAL_Delay
    main.o(.text.main) refers to asm_sum.o(GV) for n
    main.o(.ARM.exidx.text.main) refers to main.o(.text.main) for [Anonymous Symbol]
    main.o(.text.SystemClock_Config) refers to rt_memclr.o(.text) for __aeabi_memclr4
    main.o(.text.SystemClock_Config) refers to stm32f0xx_hal_rcc.o(.text.HAL_RCC_OscConfig) for HAL_RCC_OscConfig
    main.o(.text.SystemClock_Config) refers to main.o(.text.Error_Handler) for Error_Handler
    main.o(.text.SystemClock_Config) refers to stm32f0xx_hal_rcc.o(.text.HAL_RCC_ClockConfig) for HAL_RCC_ClockConfig
    main.o(.ARM.exidx.text.SystemClock_Config) refers to main.o(.text.SystemClock_Config) for [Anonymous Symbol]
    main.o(.text.MX_GPIO_Init) refers to stm32f0xx_hal_gpio.o(.text.HAL_GPIO_WritePin) for HAL_GPIO_WritePin
    main.o(.text.MX_GPIO_Init) refers to stm32f0xx_hal_gpio.o(.text.HAL_GPIO_Init) for HAL_GPIO_Init
    main.o(.ARM.exidx.text.MX_GPIO_Init) refers to main.o(.text.MX_GPIO_Init) for [Anonymous Symbol]
    main.o(.ARM.exidx.text.Error_Handler) refers to main.o(.text.Error_Handler) for [Anonymous Symbol]
    stm32f0xx_it.o(.ARM.exidx.text.NMI_Handler) refers to stm32f0xx_it.o(.text.NMI_Handler) for [Anonymous Symbol]
    stm32f0xx_it.o(.ARM.exidx.text.HardFault_Handler) refers to stm32f0xx_it.o(.text.HardFault_Handler) for [Anonymous Symbol]
    stm32f0xx_it.o(.ARM.exidx.text.SVC_Handler) refers to stm32f0xx_it.o(.text.SVC_Handler) for [Anonymous Symbol]
    stm32f0xx_it.o(.ARM.exidx.text.PendSV_Handler) refers to stm32f0xx_it.o(.text.PendSV_Handler) for [Anonymous Symbol]
    stm32f0xx_it.o(.text.SysTick_Handler) refers to stm32f0xx_hal.o(.text.HAL_IncTick) for HAL_IncTick
    stm32f0xx_it.o(.ARM.exidx.text.SysTick_Handler) refers to stm32f0xx_it.o(.text.SysTick_Handler) for [Anonymous Symbol]
    stm32f0xx_hal_msp.o(.ARM.exidx.text.HAL_MspInit) refers to stm32f0xx_hal_msp.o(.text.HAL_MspInit) for [Anonymous Symbol]
    sum.o(.ARM.exidx.text.sum) refers to sum.o(.text.sum) for [Anonymous Symbol]
    stm32f0xx_hal_rcc.o(.text.HAL_RCC_DeInit) refers to stm32f0xx_hal.o(.text.HAL_GetTick) for HAL_GetTick
    stm32f0xx_hal_rcc.o(.text.HAL_RCC_DeInit) refers to stm32f0xx_hal.o(.text.HAL_InitTick) for HAL_InitTick
    stm32f0xx_hal_rcc.o(.text.HAL_RCC_DeInit) refers to system_stm32f0xx.o(.data.SystemCoreClock) for SystemCoreClock
    stm32f0xx_hal_rcc.o(.text.HAL_RCC_DeInit) refers to stm32f0xx_hal.o(.data.uwTickPrio) for uwTickPrio
    stm32f0xx_hal_rcc.o(.ARM.exidx.text.HAL_RCC_DeInit) refers to stm32f0xx_hal_rcc.o(.text.HAL_RCC_DeInit) for [Anonymous Symbol]
    stm32f0xx_hal_rcc.o(.text.HAL_RCC_OscConfig) refers to stm32f0xx_hal.o(.text.HAL_GetTick) for HAL_GetTick
    stm32f0xx_hal_rcc.o(.ARM.exidx.text.HAL_RCC_OscConfig) refers to stm32f0xx_hal_rcc.o(.text.HAL_RCC_OscConfig) for [Anonymous Symbol]
    stm32f0xx_hal_rcc.o(.text.HAL_RCC_ClockConfig) refers to stm32f0xx_hal.o(.text.HAL_GetTick) for HAL_GetTick
[...]

    Removing main.o(.text), (0 bytes).
    Removing main.o(.ARM.exidx.text.main), (8 bytes).
    Removing main.o(.ARM.exidx.text.SystemClock_Config), (8 bytes).
    Removing main.o(.ARM.exidx.text.MX_GPIO_Init), (8 bytes).
    Removing main.o(.ARM.exidx.text.Error_Handler), (8 bytes).
    Removing main.o(.ARM.use_no_argv), (4 bytes).
    Removing stm32f0xx_it.o(.text), (0 bytes).
    Removing stm32f0xx_it.o(.ARM.exidx.text.NMI_Handler), (8 bytes).
    Removing stm32f0xx_it.o(.ARM.exidx.text.HardFault_Handler), (8 bytes).
    Removing stm32f0xx_it.o(.ARM.exidx.text.SVC_Handler), (8 bytes).
    Removing stm32f0xx_it.o(.ARM.exidx.text.PendSV_Handler), (8 bytes).
    Removing stm32f0xx_it.o(.ARM.exidx.text.SysTick_Handler), (8 bytes).
    Removing stm32f0xx_hal_msp.o(.text), (0 bytes).
    Removing stm32f0xx_hal_msp.o(.ARM.exidx.text.HAL_MspInit), (8 bytes).
    Removing sum.o(.text), (0 bytes).
    Removing sum.o(.text.sum), (48 bytes).
    Removing sum.o(.ARM.exidx.text.sum), (8 bytes).
    Removing stm32f0xx_hal_tim.o(.text), (0 bytes).
    Removing stm32f0xx_hal_tim_ex.o(.text), (0 bytes).
    Removing stm32f0xx_hal_rcc.o(.text), (0 bytes).
    Removing stm32f0xx_hal_rcc.o(.text.HAL_RCC_DeInit), (296 bytes).
    Removing stm32f0xx_hal_rcc.o(.ARM.exidx.text.HAL_RCC_DeInit), (8 bytes).
    Removing stm32f0xx_hal_rcc.o(.ARM.exidx.text.HAL_RCC_OscConfig), (8 bytes).
    Removing stm32f0xx_hal_rcc.o(.ARM.exidx.text.HAL_RCC_ClockConfig), (8 bytes).
    Removing stm32f0xx_hal_rcc.o(.ARM.exidx.text.HAL_RCC_GetSysClockFreq), (8 bytes).
    Removing stm32f0xx_hal_rcc.o(.text.HAL_RCC_MCOConfig), (96 bytes).
    Removing stm32f0xx_hal_rcc.o(.ARM.exidx.text.HAL_RCC_MCOConfig), (8 bytes).
    Removing stm32f0xx_hal_rcc.o(.text.HAL_RCC_EnableCSS), (20 bytes).
    Removing stm32f0xx_hal_rcc.o(.ARM.exidx.text.HAL_RCC_EnableCSS), (8 bytes).
    Removing stm32f0xx_hal_rcc.o(.text.HAL_RCC_DisableCSS), (20 bytes).
    Removing stm32f0xx_hal_rcc.o(.ARM.exidx.text.HAL_RCC_DisableCSS), (8 bytes).
    Removing stm32f0xx_hal_rcc.o(.text.HAL_RCC_GetHCLKFreq), (12 bytes).
    Removing stm32f0xx_hal_rcc.o(.ARM.exidx.text.HAL_RCC_GetHCLKFreq), (8 bytes).
    Removing stm32f0xx_hal_rcc.o(.text.HAL_RCC_GetPCLK1Freq), (36 bytes).
    Removing stm32f0xx_hal_rcc.o(.ARM.exidx.text.HAL_RCC_GetPCLK1Freq), (8 bytes).
    Removing stm32f0xx_hal_rcc.o(.text.HAL_RCC_GetOscConfig), (312 bytes).
    Removing stm32f0xx_hal_rcc.o(.ARM.exidx.text.HAL_RCC_GetOscConfig), (8 bytes).
    Removing stm32f0xx_hal_rcc.o(.text.HAL_RCC_GetClockConfig), (68 bytes).
    Removing stm32f0xx_hal_rcc.o(.ARM.exidx.text.HAL_RCC_GetClockConfig), (8 bytes).
    Removing stm32f0xx_hal_rcc.o(.text.HAL_RCC_NMI_IRQHandler), (36 bytes).
    Removing stm32f0xx_hal_rcc.o(.ARM.exidx.text.HAL_RCC_NMI_IRQHandler), (8 bytes).
    Removing stm32f0xx_hal_rcc.o(.text.HAL_RCC_CSSCallback), (2 bytes).
    Removing stm32f0xx_hal_rcc.o(.ARM.exidx.text.HAL_RCC_CSSCallback), (8 bytes).
    Removing stm32f0xx_hal_rcc.o(.rodata.cst16), (32 bytes).
    Removing stm32f0xx_hal_rcc_ex.o(.text), (0 bytes).
    Removing stm32f0xx_hal_rcc_ex.o(.text.HAL_RCCEx_PeriphCLKConfig), (416 bytes).
    Removing stm32f0xx_hal_rcc_ex.o(.ARM.exidx.text.HAL_RCCEx_PeriphCLKConfig), (8 bytes).
    Removing stm32f0xx_hal_rcc_ex.o(.text.HAL_RCCEx_GetPeriphCLKConfig), (60 bytes).
    Removing stm32f0xx_hal_rcc_ex.o(.ARM.exidx.text.HAL_RCCEx_GetPeriphCLKConfig), (8 bytes).
    Removing stm32f0xx_hal_rcc_ex.o(.text.HAL_RCCEx_GetPeriphCLKFreq), (348 bytes).
    Removing stm32f0xx_hal_rcc_ex.o(.ARM.exidx.text.HAL_RCCEx_GetPeriphCLKFreq), (8 bytes).
    Removing stm32f0xx_hal.o(.text), (0 bytes).
    Removing stm32f0xx_hal.o(.ARM.exidx.text.HAL_Init), (8 bytes).
    Removing stm32f0xx_hal.o(.ARM.exidx.text.HAL_InitTick), (8 bytes).
    Removing stm32f0xx_hal.o(.text.HAL_MspInit), (2 bytes).
    Removing stm32f0xx_hal.o(.ARM.exidx.text.HAL_MspInit), (8 bytes).
    Removing stm32f0xx_hal.o(.text.HAL_DeInit), (52 bytes).
    Removing stm32f0xx_hal.o(.ARM.exidx.text.HAL_DeInit), (8 bytes).
    Removing stm32f0xx_hal.o(.text.HAL_MspDeInit), (2 bytes).
    Removing stm32f0xx_hal.o(.ARM.exidx.text.HAL_MspDeInit), (8 bytes).
    Removing stm32f0xx_hal.o(.ARM.exidx.text.HAL_IncTick), (8 bytes).
    Removing stm32f0xx_hal.o(.ARM.exidx.text.HAL_GetTick), (8 bytes).
    Removing stm32f0xx_hal.o(.text.HAL_GetTickPrio), (12 bytes).
    Removing stm32f0xx_hal.o(.ARM.exidx.text.HAL_GetTickPrio), (8 bytes).
    Removing stm32f0xx_hal.o(.text.HAL_SetTickFreq), (88 bytes).
    Removing stm32f0xx_hal.o(.ARM.exidx.text.HAL_SetTickFreq), (8 bytes).
    Removing stm32f0xx_hal.o(.text.HAL_GetTickFreq), (12 bytes).
    Removing stm32f0xx_hal.o(.ARM.exidx.text.HAL_GetTickFreq), (8 bytes).
    Removing stm32f0xx_hal.o(.ARM.exidx.text.HAL_Delay), (8 bytes).
    Removing stm32f0xx_hal.o(.text.HAL_SuspendTick), (16 bytes).
    Removing stm32f0xx_hal.o(.ARM.exidx.text.HAL_SuspendTick), (8 bytes).
    Removing stm32f0xx_hal.o(.text.HAL_ResumeTick), (16 bytes).
    Removing stm32f0xx_hal.o(.ARM.exidx.text.HAL_ResumeTick), (8 bytes).
    Removing stm32f0xx_hal.o(.text.HAL_GetHalVersion), (8 bytes).
    Removing stm32f0xx_hal.o(.ARM.exidx.text.HAL_GetHalVersion), (8 bytes).
    Removing stm32f0xx_hal.o(.text.HAL_GetREVID), (12 bytes).
    Removing stm32f0xx_hal.o(.ARM.exidx.text.HAL_GetREVID), (8 bytes).
    Removing stm32f0xx_hal.o(.text.HAL_GetDEVID), (20 bytes).
    Removing stm32f0xx_hal.o(.ARM.exidx.text.HAL_GetDEVID), (8 bytes).
    Removing stm32f0xx_hal.o(.text.HAL_GetUIDw0), (12 bytes).
    Removing stm32f0xx_hal.o(.ARM.exidx.text.HAL_GetUIDw0), (8 bytes).
    Removing stm32f0xx_hal.o(.text.HAL_GetUIDw1), (12 bytes).
    Removing stm32f0xx_hal.o(.ARM.exidx.text.HAL_GetUIDw1), (8 bytes).
    Removing stm32f0xx_hal.o(.text.HAL_GetUIDw2), (12 bytes).
    Removing stm32f0xx_hal.o(.ARM.exidx.text.HAL_GetUIDw2), (8 bytes).
    Removing stm32f0xx_hal.o(.text.HAL_DBGMCU_EnableDBGStopMode), (16 bytes).
    Removing stm32f0xx_hal.o(.ARM.exidx.text.HAL_DBGMCU_EnableDBGStopMode), (8 bytes).
    Removing stm32f0xx_hal.o(.text.HAL_DBGMCU_DisableDBGStopMode), (16 bytes).
    Removing stm32f0xx_hal.o(.ARM.exidx.text.HAL_DBGMCU_DisableDBGStopMode), (8 bytes).
    Removing stm32f0xx_hal.o(.text.HAL_DBGMCU_EnableDBGStandbyMode), (16 bytes).
    Removing stm32f0xx_hal.o(.ARM.exidx.text.HAL_DBGMCU_EnableDBGStandbyMode), (8 bytes).
    Removing stm32f0xx_hal.o(.text.HAL_DBGMCU_DisableDBGStandbyMode), (16 bytes).
    Removing stm32f0xx_hal.o(.ARM.exidx.text.HAL_DBGMCU_DisableDBGStandbyMode), (8 bytes).
    Removing stm32f0xx_hal_i2c.o(.text), (0 bytes).
    Removing stm32f0xx_hal_i2c.o(.text.HAL_I2C_Init), (268 bytes).
    Removing stm32f0xx_hal_i2c.o(.ARM.exidx.text.HAL_I2C_Init), (8 bytes).
    Removing stm32f0xx_hal_i2c.o(.text.HAL_I2C_MspInit), (8 bytes).
    Removing stm32f0xx_hal_i2c.o(.ARM.exidx.text.HAL_I2C_MspInit), (8 bytes).
    Removing stm32f0xx_hal_i2c.o(.text.HAL_I2C_DeInit), (100 bytes).
    Removing stm32f0xx_hal_i2c.o(.ARM.exidx.text.HAL_I2C_DeInit), (8 bytes).
    Removing stm32f0xx_hal_i2c.o(.text.HAL_I2C_MspDeInit), (8 bytes).
    Removing stm32f0xx_hal_i2c.o(.ARM.exidx.text.HAL_I2C_MspDeInit), (8 bytes).
    Removing stm32f0xx_hal_i2c.o(.text.HAL_I2C_Master_Transmit), (512 bytes).
    Removing stm32f0xx_hal_i2c.o(.ARM.exidx.text.HAL_I2C_Master_Transmit), (8 bytes).
    Removing stm32f0xx_hal_i2c.o(.text.I2C_WaitOnFlagUntilTimeout), (142 bytes).
    Removing stm32f0xx_hal_i2c.o(.ARM.exidx.text.I2C_WaitOnFlagUntilTimeout), (8 bytes).
    Removing stm32f0xx_hal_i2c.o(.text.I2C_TransferConfig), (80 bytes).
    Removing stm32f0xx_hal_i2c.o(.ARM.exidx.text.I2C_TransferConfig), (8 bytes).
    Removing stm32f0xx_hal_i2c.o(.text.I2C_WaitOnTXISFlagUntilTimeout), (152 bytes).
    Removing stm32f0xx_hal_i2c.o(.ARM.exidx.text.I2C_WaitOnTXISFlagUntilTimeout), (8 bytes).
    Removing stm32f0xx_hal_i2c.o(.text.I2C_WaitOnSTOPFlagUntilTimeout), (140 bytes).
    Removing stm32f0xx_hal_i2c.o(.ARM.exidx.text.I2C_WaitOnSTOPFlagUntilTimeout), (8 bytes).
    Removing stm32f0xx_hal_i2c.o(.text.HAL_I2C_Master_Receive), (516 bytes).
    Removing stm32f0xx_hal_i2c.o(.ARM.exidx.text.HAL_I2C_Master_Receive), (8 bytes).
    Removing stm32f0xx_hal_i2c.o(.text.I2C_WaitOnRXNEFlagUntilTimeout), (248 bytes).
    Removing stm32f0xx_hal_i2c.o(.ARM.exidx.text.I2C_WaitOnRXNEFlagUntilTimeout), (8 bytes).
    Removing stm32f0xx_hal_i2c.o(.text.HAL_I2C_Slave_Transmit), (554 bytes).
    Removing stm32f0xx_hal_i2c.o(.ARM.exidx.text.HAL_I2C_Slave_Transmit), (8 bytes).
    Removing stm32f0xx_hal_i2c.o(.text.HAL_I2C_Slave_Receive), (520 bytes).
    Removing stm32f0xx_hal_i2c.o(.ARM.exidx.text.HAL_I2C_Slave_Receive), (8 bytes).
    Removing stm32f0xx_hal_i2c.o(.text.HAL_I2C_Master_Transmit_IT), (252 bytes).
    Removing stm32f0xx_hal_i2c.o(.ARM.exidx.text.HAL_I2C_Master_Transmit_IT), (8 bytes).
    Removing stm32f0xx_hal_i2c.o(.text.I2C_Master_ISR_IT), (668 bytes).
    Removing stm32f0xx_hal_i2c.o(.ARM.exidx.text.I2C_Master_ISR_IT), (8 bytes).
    Removing stm32f0xx_hal_i2c.o(.text.I2C_Enable_IRQ), (232 bytes).
    Removing stm32f0xx_hal_i2c.o(.ARM.exidx.text.I2C_Enable_IRQ), (8 bytes).
    Removing stm32f0xx_hal_i2c.o(.text.HAL_I2C_Master_Receive_IT), (252 bytes).
    Removing stm32f0xx_hal_i2c.o(.ARM.exidx.text.HAL_I2C_Master_Receive_IT), (8 bytes).
    Removing stm32f0xx_hal_i2c.o(.text.HAL_I2C_Slave_Transmit_IT), (184 bytes).
    Removing stm32f0xx_hal_i2c.o(.ARM.exidx.text.HAL_I2C_Slave_Transmit_IT), (8 bytes).
    Removing stm32f0xx_hal_i2c.o(.text.I2C_Slave_ISR_IT), (584 bytes).
    Removing stm32f0xx_hal_i2c.o(.ARM.exidx.text.I2C_Slave_ISR_IT), (8 bytes).
    Removing stm32f0xx_hal_i2c.o(.text.HAL_I2C_Slave_Receive_IT), (184 bytes).
    Removing stm32f0xx_hal_i2c.o(.ARM.exidx.text.HAL_I2C_Slave_Receive_IT), (8 bytes).
    Removing stm32f0xx_hal_i2c.o(.text.HAL_I2C_Master_Transmit_DMA), (516 bytes).
    Removing stm32f0xx_hal_i2c.o(.ARM.exidx.text.HAL_I2C_Master_Transmit_DMA), (8 bytes).
    Removing stm32f0xx_hal_i2c.o(.text.I2C_Master_ISR_DMA), (552 bytes).
    Removing stm32f0xx_hal_i2c.o(.ARM.exidx.text.I2C_Master_ISR_DMA), (8 bytes).
    Removing stm32f0xx_hal_i2c.o(.text.I2C_DMAMasterTransmitCplt), (134 bytes).
    Removing stm32f0xx_hal_i2c.o(.ARM.exidx.text.I2C_DMAMasterTransmitCplt), (8 bytes).
    Removing stm32f0xx_hal_i2c.o(.text.I2C_DMAError), (38 bytes).
    Removing stm32f0xx_hal_i2c.o(.ARM.exidx.text.I2C_DMAError), (8 bytes).
    Removing stm32f0xx_hal_i2c.o(.text.HAL_I2C_Master_Receive_DMA), (516 bytes).
    Removing stm32f0xx_hal_i2c.o(.ARM.exidx.text.HAL_I2C_Master_Receive_DMA), (8 bytes).
    Removing stm32f0xx_hal_i2c.o(.text.I2C_DMAMasterReceiveCplt), (134 bytes).
    Removing stm32f0xx_hal_i2c.o(.ARM.exidx.text.I2C_DMAMasterReceiveCplt), (8 bytes).
    Removing stm32f0xx_hal_i2c.o(.text.HAL_I2C_Slave_Transmit_DMA), (404 bytes).
    Removing stm32f0xx_hal_i2c.o(.ARM.exidx.text.HAL_I2C_Slave_Transmit_DMA), (8 bytes).
    Removing stm32f0xx_hal_i2c.o(.text.I2C_Slave_ISR_DMA), (564 bytes).
    Removing stm32f0xx_hal_i2c.o(.ARM.exidx.text.I2C_Slave_ISR_DMA), (8 bytes).
    Removing stm32f0xx_hal_i2c.o(.text.I2C_DMASlaveTransmitCplt), (66 bytes).
    Removing stm32f0xx_hal_i2c.o(.ARM.exidx.text.I2C_DMASlaveTransmitCplt), (8 bytes).
    Removing stm32f0xx_hal_i2c.o(.text.HAL_I2C_Slave_Receive_DMA), (400 bytes).
    Removing stm32f0xx_hal_i2c.o(.ARM.exidx.text.HAL_I2C_Slave_Receive_DMA), (8 bytes).
    Removing stm32f0xx_hal_i2c.o(.text.I2C_DMASlaveReceiveCplt), (76 bytes).
    Removing stm32f0xx_hal_i2c.o(.ARM.exidx.text.I2C_DMASlaveReceiveCplt), (8 bytes).
    Removing stm32f0xx_hal_i2c.o(.text.HAL_I2C_Mem_Write), (604 bytes).
    Removing stm32f0xx_hal_i2c.o(.ARM.exidx.text.HAL_I2C_Mem_Write), (8 bytes).
    Removing stm32f0xx_hal_i2c.o(.text.I2C_RequestMemoryWrite), (188 bytes).
    Removing stm32f0xx_hal_i2c.o(.ARM.exidx.text.I2C_RequestMemoryWrite), (8 bytes).
    Removing stm32f0xx_hal_i2c.o(.text.HAL_I2C_Mem_Read), (616 bytes).
    Removing stm32f0xx_hal_i2c.o(.ARM.exidx.text.HAL_I2C_Mem_Read), (8 bytes).
    Removing stm32f0xx_hal_i2c.o(.text.I2C_RequestMemoryRead), (188 bytes).
    Removing stm32f0xx_hal_i2c.o(.ARM.exidx.text.I2C_RequestMemoryRead), (8 bytes).
    Removing stm32f0xx_hal_i2c.o(.text.HAL_I2C_Mem_Write_IT), (348 bytes).
    Removing stm32f0xx_hal_i2c.o(.ARM.exidx.text.HAL_I2C_Mem_Write_IT), (8 bytes).
    Removing stm32f0xx_hal_i2c.o(.text.HAL_I2C_Mem_Read_IT), (352 bytes).
    Removing stm32f0xx_hal_i2c.o(.ARM.exidx.text.HAL_I2C_Mem_Read_IT), (8 bytes).
    Removing stm32f0xx_hal_i2c.o(.text.HAL_I2C_Mem_Write_DMA), (548 bytes).
    Removing stm32f0xx_hal_i2c.o(.ARM.exidx.text.HAL_I2C_Mem_Write_DMA), (8 bytes).
    Removing stm32f0xx_hal_i2c.o(.text.HAL_I2C_Mem_Read_DMA), (552 bytes).
    Removing stm32f0xx_hal_i2c.o(.ARM.exidx.text.HAL_I2C_Mem_Read_DMA), (8 bytes).
    Removing stm32f0xx_hal_i2c.o(.text.HAL_I2C_IsDeviceReady), (612 bytes).
    Removing stm32f0xx_hal_i2c.o(.ARM.exidx.text.HAL_I2C_IsDeviceReady), (8 bytes).
    Removing stm32f0xx_hal_i2c.o(.text.HAL_I2C_Master_Seq_Transmit_IT), (312 bytes).
    Removing stm32f0xx_hal_i2c.o(.ARM.exidx.text.HAL_I2C_Master_Seq_Transmit_IT), (8 bytes).
    Removing stm32f0xx_hal_i2c.o(.text.I2C_ConvertOtherXferOptions), (54 bytes).
    Removing stm32f0xx_hal_i2c.o(.ARM.exidx.text.I2C_ConvertOtherXferOptions), (8 bytes).
    Removing stm32f0xx_hal_i2c.o(.text.HAL_I2C_Master_Seq_Transmit_DMA), (576 bytes).
    Removing stm32f0xx_hal_i2c.o(.ARM.exidx.text.HAL_I2C_Master_Seq_Transmit_DMA), (8 bytes).
    Removing stm32f0xx_hal_i2c.o(.text.HAL_I2C_Master_Seq_Receive_IT), (312 bytes).
    Removing stm32f0xx_hal_i2c.o(.ARM.exidx.text.HAL_I2C_Master_Seq_Receive_IT), (8 bytes).
    Removing stm32f0xx_hal_i2c.o(.text.HAL_I2C_Master_Seq_Receive_DMA), (576 bytes).
    Removing stm32f0xx_hal_i2c.o(.ARM.exidx.text.HAL_I2C_Master_Seq_Receive_DMA), (8 bytes).
    Removing stm32f0xx_hal_i2c.o(.text.HAL_I2C_Slave_Seq_Transmit_IT), (352 bytes).
    Removing stm32f0xx_hal_i2c.o(.ARM.exidx.text.HAL_I2C_Slave_Seq_Transmit_IT), (8 bytes).
    Removing stm32f0xx_hal_i2c.o(.text.I2C_Disable_IRQ), (204 bytes).
    Removing stm32f0xx_hal_i2c.o(.ARM.exidx.text.I2C_Disable_IRQ), (8 bytes).
    Removing stm32f0xx_hal_i2c.o(.text.I2C_DMAAbort), (62 bytes).
    Removing stm32f0xx_hal_i2c.o(.ARM.exidx.text.I2C_DMAAbort), (8 bytes).
    Removing stm32f0xx_hal_i2c.o(.text.HAL_I2C_Slave_Seq_Transmit_DMA), (656 bytes).
    Removing stm32f0xx_hal_i2c.o(.ARM.exidx.text.HAL_I2C_Slave_Seq_Transmit_DMA), (8 bytes).
    Removing stm32f0xx_hal_i2c.o(.text.HAL_I2C_Slave_Seq_Receive_IT), (352 bytes).
    Removing stm32f0xx_hal_i2c.o(.ARM.exidx.text.HAL_I2C_Slave_Seq_Receive_IT), (8 bytes).
    Removing stm32f0xx_hal_i2c.o(.text.HAL_I2C_Slave_Seq_Receive_DMA), (652 bytes).
    Removing stm32f0xx_hal_i2c.o(.ARM.exidx.text.HAL_I2C_Slave_Seq_Receive_DMA), (8 bytes).
    Removing stm32f0xx_hal_i2c.o(.text.HAL_I2C_EnableListen_IT), (72 bytes).
    Removing stm32f0xx_hal_i2c.o(.ARM.exidx.text.HAL_I2C_EnableListen_IT), (8 bytes).
    Removing stm32f0xx_hal_i2c.o(.text.HAL_I2C_DisableListen_IT), (96 bytes).
    Removing stm32f0xx_hal_i2c.o(.ARM.exidx.text.HAL_I2C_DisableListen_IT), (8 bytes).
    Removing stm32f0xx_hal_i2c.o(.text.HAL_I2C_Master_Abort_IT), (192 bytes).
    Removing stm32f0xx_hal_i2c.o(.ARM.exidx.text.HAL_I2C_Master_Abort_IT), (8 bytes).
    Removing stm32f0xx_hal_i2c.o(.text.HAL_I2C_EV_IRQHandler), (48 bytes).
    Removing stm32f0xx_hal_i2c.o(.ARM.exidx.text.HAL_I2C_EV_IRQHandler), (8 bytes).
    Removing stm32f0xx_hal_i2c.o(.text.HAL_I2C_ER_IRQHandler), (198 bytes).
    Removing stm32f0xx_hal_i2c.o(.ARM.exidx.text.HAL_I2C_ER_IRQHandler), (8 bytes).
    Removing stm32f0xx_hal_i2c.o(.text.I2C_ITError), (424 bytes).
    Removing stm32f0xx_hal_i2c.o(.ARM.exidx.text.I2C_ITError), (8 bytes).
    Removing stm32f0xx_hal_i2c.o(.text.HAL_I2C_MasterTxCpltCallback), (8 bytes).
    Removing stm32f0xx_hal_i2c.o(.ARM.exidx.text.HAL_I2C_MasterTxCpltCallback), (8 bytes).
    Removing stm32f0xx_hal_i2c.o(.text.HAL_I2C_MasterRxCpltCallback), (8 bytes).
    Removing stm32f0xx_hal_i2c.o(.ARM.exidx.text.HAL_I2C_MasterRxCpltCallback), (8 bytes).
    Removing stm32f0xx_hal_i2c.o(.text.HAL_I2C_SlaveTxCpltCallback), (8 bytes).
    Removing stm32f0xx_hal_i2c.o(.ARM.exidx.text.HAL_I2C_SlaveTxCpltCallback), (8 bytes).
    Removing stm32f0xx_hal_i2c.o(.text.HAL_I2C_SlaveRxCpltCallback), (8 bytes).
    Removing stm32f0xx_hal_i2c.o(.ARM.exidx.text.HAL_I2C_SlaveRxCpltCallback), (8 bytes).
    Removing stm32f0xx_hal_i2c.o(.text.HAL_I2C_AddrCallback), (16 bytes).
    Removing stm32f0xx_hal_i2c.o(.ARM.exidx.text.HAL_I2C_AddrCallback), (8 bytes).
    Removing stm32f0xx_hal_i2c.o(.text.HAL_I2C_ListenCpltCallback), (8 bytes).
    Removing stm32f0xx_hal_i2c.o(.ARM.exidx.text.HAL_I2C_ListenCpltCallback), (8 bytes).
    Removing stm32f0xx_hal_i2c.o(.text.HAL_I2C_MemTxCpltCallback), (8 bytes).
    Removing stm32f0xx_hal_i2c.o(.ARM.exidx.text.HAL_I2C_MemTxCpltCallback), (8 bytes).
    Removing stm32f0xx_hal_i2c.o(.text.HAL_I2C_MemRxCpltCallback), (8 bytes).
    Removing stm32f0xx_hal_i2c.o(.ARM.exidx.text.HAL_I2C_MemRxCpltCallback), (8 bytes).
    Removing stm32f0xx_hal_i2c.o(.text.HAL_I2C_ErrorCallback), (8 bytes).
    Removing stm32f0xx_hal_i2c.o(.ARM.exidx.text.HAL_I2C_ErrorCallback), (8 bytes).
    Removing stm32f0xx_hal_i2c.o(.text.HAL_I2C_AbortCpltCallback), (8 bytes).
    Removing stm32f0xx_hal_i2c.o(.ARM.exidx.text.HAL_I2C_AbortCpltCallback), (8 bytes).
    Removing stm32f0xx_hal_i2c.o(.text.HAL_I2C_GetState), (14 bytes).
    Removing stm32f0xx_hal_i2c.o(.ARM.exidx.text.HAL_I2C_GetState), (8 bytes).
    Removing stm32f0xx_hal_i2c.o(.text.HAL_I2C_GetMode), (14 bytes).
    Removing stm32f0xx_hal_i2c.o(.ARM.exidx.text.HAL_I2C_GetMode), (8 bytes).
    Removing stm32f0xx_hal_i2c.o(.text.HAL_I2C_GetError), (12 bytes).
    Removing stm32f0xx_hal_i2c.o(.ARM.exidx.text.HAL_I2C_GetError), (8 bytes).
    Removing stm32f0xx_hal_i2c.o(.text.I2C_Flush_TXDR), (64 bytes).
    Removing stm32f0xx_hal_i2c.o(.ARM.exidx.text.I2C_Flush_TXDR), (8 bytes).
    Removing stm32f0xx_hal_i2c.o(.text.I2C_ITMasterSeqCplt), (126 bytes).
    Removing stm32f0xx_hal_i2c.o(.ARM.exidx.text.I2C_ITMasterSeqCplt), (8 bytes).
    Removing stm32f0xx_hal_i2c.o(.text.I2C_ITMasterCplt), (436 bytes).
    Removing stm32f0xx_hal_i2c.o(.ARM.exidx.text.I2C_ITMasterCplt), (8 bytes).
    Removing stm32f0xx_hal_i2c.o(.text.I2C_ITSlaveCplt), (568 bytes).
    Removing stm32f0xx_hal_i2c.o(.ARM.exidx.text.I2C_ITSlaveCplt), (8 bytes).
    Removing stm32f0xx_hal_i2c.o(.text.I2C_ITListenCplt), (160 bytes).
    Removing stm32f0xx_hal_i2c.o(.ARM.exidx.text.I2C_ITListenCplt), (8 bytes).
    Removing stm32f0xx_hal_i2c.o(.text.I2C_ITSlaveSeqCplt), (202 bytes).
    Removing stm32f0xx_hal_i2c.o(.ARM.exidx.text.I2C_ITSlaveSeqCplt), (8 bytes).
    Removing stm32f0xx_hal_i2c.o(.text.I2C_ITAddrCplt), (304 bytes).
    Removing stm32f0xx_hal_i2c.o(.ARM.exidx.text.I2C_ITAddrCplt), (8 bytes).
    Removing stm32f0xx_hal_i2c.o(.text.I2C_TreatErrorCallback), (82 bytes).
    Removing stm32f0xx_hal_i2c.o(.ARM.exidx.text.I2C_TreatErrorCallback), (8 bytes).
    Removing stm32f0xx_hal_i2c.o(.text.I2C_IsAcknowledgeFailed), (268 bytes).
    Removing stm32f0xx_hal_i2c.o(.ARM.exidx.text.I2C_IsAcknowledgeFailed), (8 bytes).
    Removing stm32f0xx_hal_i2c_ex.o(.text), (0 bytes).
    Removing stm32f0xx_hal_i2c_ex.o(.text.HAL_I2CEx_ConfigAnalogFilter), (150 bytes).
    Removing stm32f0xx_hal_i2c_ex.o(.ARM.exidx.text.HAL_I2CEx_ConfigAnalogFilter), (8 bytes).
    Removing stm32f0xx_hal_i2c_ex.o(.text.HAL_I2CEx_ConfigDigitalFilter), (160 bytes).
    Removing stm32f0xx_hal_i2c_ex.o(.ARM.exidx.text.HAL_I2CEx_ConfigDigitalFilter), (8 bytes).
    Removing stm32f0xx_hal_i2c_ex.o(.text.HAL_I2CEx_EnableFastModePlus), (48 bytes).
    Removing stm32f0xx_hal_i2c_ex.o(.ARM.exidx.text.HAL_I2CEx_EnableFastModePlus), (8 bytes).
    Removing stm32f0xx_hal_i2c_ex.o(.text.HAL_I2CEx_DisableFastModePlus), (48 bytes).
    Removing stm32f0xx_hal_i2c_ex.o(.ARM.exidx.text.HAL_I2CEx_DisableFastModePlus), (8 bytes).
    Removing stm32f0xx_hal_gpio.o(.text), (0 bytes).
    Removing stm32f0xx_hal_gpio.o(.ARM.exidx.text.HAL_GPIO_Init), (8 bytes).
    Removing stm32f0xx_hal_gpio.o(.text.HAL_GPIO_DeInit), (384 bytes).
    Removing stm32f0xx_hal_gpio.o(.ARM.exidx.text.HAL_GPIO_DeInit), (8 bytes).
    Removing stm32f0xx_hal_gpio.o(.text.HAL_GPIO_ReadPin), (50 bytes).
    Removing stm32f0xx_hal_gpio.o(.ARM.exidx.text.HAL_GPIO_ReadPin), (8 bytes).
    Removing stm32f0xx_hal_gpio.o(.ARM.exidx.text.HAL_GPIO_WritePin), (8 bytes).
    Removing stm32f0xx_hal_gpio.o(.text.HAL_GPIO_TogglePin), (36 bytes).
    Removing stm32f0xx_hal_gpio.o(.ARM.exidx.text.HAL_GPIO_TogglePin), (8 bytes).
    Removing stm32f0xx_hal_gpio.o(.text.HAL_GPIO_LockPin), (82 bytes).
    Removing stm32f0xx_hal_gpio.o(.ARM.exidx.text.HAL_GPIO_LockPin), (8 bytes).
    Removing stm32f0xx_hal_gpio.o(.text.HAL_GPIO_EXTI_IRQHandler), (44 bytes).
    Removing stm32f0xx_hal_gpio.o(.ARM.exidx.text.HAL_GPIO_EXTI_IRQHandler), (8 bytes).
    Removing stm32f0xx_hal_gpio.o(.text.HAL_GPIO_EXTI_Callback), (10 bytes).
    Removing stm32f0xx_hal_gpio.o(.ARM.exidx.text.HAL_GPIO_EXTI_Callback), (8 bytes).
    Removing stm32f0xx_hal_dma.o(.text), (0 bytes).
    Removing stm32f0xx_hal_dma.o(.text.HAL_DMA_Init), (140 bytes).
    Removing stm32f0xx_hal_dma.o(.ARM.exidx.text.HAL_DMA_Init), (8 bytes).
    Removing stm32f0xx_hal_dma.o(.text.DMA_CalcBaseAndBitshift), (48 bytes).
    Removing stm32f0xx_hal_dma.o(.ARM.exidx.text.DMA_CalcBaseAndBitshift), (8 bytes).
    Removing stm32f0xx_hal_dma.o(.text.HAL_DMA_DeInit), (138 bytes).
    Removing stm32f0xx_hal_dma.o(.ARM.exidx.text.HAL_DMA_DeInit), (8 bytes).
    Removing stm32f0xx_hal_dma.o(.text.HAL_DMA_Start), (154 bytes).
    Removing stm32f0xx_hal_dma.o(.ARM.exidx.text.HAL_DMA_Start), (8 bytes).
    Removing stm32f0xx_hal_dma.o(.text.DMA_SetConfig), (80 bytes).
    Removing stm32f0xx_hal_dma.o(.ARM.exidx.text.DMA_SetConfig), (8 bytes).
    Removing stm32f0xx_hal_dma.o(.text.HAL_DMA_Start_IT), (202 bytes).
    Removing stm32f0xx_hal_dma.o(.ARM.exidx.text.HAL_DMA_Start_IT), (8 bytes).
    Removing stm32f0xx_hal_dma.o(.text.HAL_DMA_Abort), (114 bytes).
    Removing stm32f0xx_hal_dma.o(.ARM.exidx.text.HAL_DMA_Abort), (8 bytes).
    Removing stm32f0xx_hal_dma.o(.text.HAL_DMA_Abort_IT), (120 bytes).
    Removing stm32f0xx_hal_dma.o(.ARM.exidx.text.HAL_DMA_Abort_IT), (8 bytes).
    Removing stm32f0xx_hal_dma.o(.text.HAL_DMA_PollForTransfer), (342 bytes).
    Removing stm32f0xx_hal_dma.o(.ARM.exidx.text.HAL_DMA_PollForTransfer), (8 bytes).
    Removing stm32f0xx_hal_dma.o(.text.HAL_DMA_IRQHandler), (322 bytes).
    Removing stm32f0xx_hal_dma.o(.ARM.exidx.text.HAL_DMA_IRQHandler), (8 bytes).
    Removing stm32f0xx_hal_dma.o(.text.HAL_DMA_RegisterCallback), (178 bytes).
    Removing stm32f0xx_hal_dma.o(.ARM.exidx.text.HAL_DMA_RegisterCallback), (8 bytes).
    Removing stm32f0xx_hal_dma.o(.text.HAL_DMA_UnRegisterCallback), (198 bytes).
    Removing stm32f0xx_hal_dma.o(.ARM.exidx.text.HAL_DMA_UnRegisterCallback), (8 bytes).
    Removing stm32f0xx_hal_dma.o(.text.HAL_DMA_GetState), (14 bytes).
    Removing stm32f0xx_hal_dma.o(.ARM.exidx.text.HAL_DMA_GetState), (8 bytes).
    Removing stm32f0xx_hal_dma.o(.text.HAL_DMA_GetError), (12 bytes).
    Removing stm32f0xx_hal_dma.o(.ARM.exidx.text.HAL_DMA_GetError), (8 bytes).
    Removing stm32f0xx_hal_cortex.o(.text), (0 bytes).
    Removing stm32f0xx_hal_cortex.o(.ARM.exidx.text.HAL_NVIC_SetPriority), (8 bytes).
    Removing stm32f0xx_hal_cortex.o(.ARM.exidx.text.__NVIC_SetPriority), (8 bytes).
    Removing stm32f0xx_hal_cortex.o(.text.HAL_NVIC_EnableIRQ), (22 bytes).
    Removing stm32f0xx_hal_cortex.o(.ARM.exidx.text.HAL_NVIC_EnableIRQ), (8 bytes).
    Removing stm32f0xx_hal_cortex.o(.text.__NVIC_EnableIRQ), (44 bytes).
    Removing stm32f0xx_hal_cortex.o(.ARM.exidx.text.__NVIC_EnableIRQ), (8 bytes).
    Removing stm32f0xx_hal_cortex.o(.text.HAL_NVIC_DisableIRQ), (22 bytes).
    Removing stm32f0xx_hal_cortex.o(.ARM.exidx.text.HAL_NVIC_DisableIRQ), (8 bytes).
    Removing stm32f0xx_hal_cortex.o(.text.__NVIC_DisableIRQ), (52 bytes).
    Removing stm32f0xx_hal_cortex.o(.ARM.exidx.text.__NVIC_DisableIRQ), (8 bytes).
    Removing stm32f0xx_hal_cortex.o(.text.HAL_NVIC_SystemReset), (4 bytes).
    Removing stm32f0xx_hal_cortex.o(.ARM.exidx.text.HAL_NVIC_SystemReset), (8 bytes).
    Removing stm32f0xx_hal_cortex.o(.text.__NVIC_SystemReset), (28 bytes).
    Removing stm32f0xx_hal_cortex.o(.ARM.exidx.text.__NVIC_SystemReset), (8 bytes).
    Removing stm32f0xx_hal_cortex.o(.ARM.exidx.text.HAL_SYSTICK_Config), (8 bytes).
    Removing stm32f0xx_hal_cortex.o(.ARM.exidx.text.SysTick_Config), (8 bytes).
    Removing stm32f0xx_hal_cortex.o(.text.HAL_NVIC_GetPriority), (22 bytes).
    Removing stm32f0xx_hal_cortex.o(.ARM.exidx.text.HAL_NVIC_GetPriority), (8 bytes).
    Removing stm32f0xx_hal_cortex.o(.text.__NVIC_GetPriority), (96 bytes).
    Removing stm32f0xx_hal_cortex.o(.ARM.exidx.text.__NVIC_GetPriority), (8 bytes).
    Removing stm32f0xx_hal_cortex.o(.text.HAL_NVIC_SetPendingIRQ), (22 bytes).
    Removing stm32f0xx_hal_cortex.o(.ARM.exidx.text.HAL_NVIC_SetPendingIRQ), (8 bytes).
    Removing stm32f0xx_hal_cortex.o(.text.__NVIC_SetPendingIRQ), (44 bytes).
    Removing stm32f0xx_hal_cortex.o(.ARM.exidx.text.__NVIC_SetPendingIRQ), (8 bytes).
    Removing stm32f0xx_hal_cortex.o(.text.HAL_NVIC_GetPendingIRQ), (22 bytes).
    Removing stm32f0xx_hal_cortex.o(.ARM.exidx.text.HAL_NVIC_GetPendingIRQ), (8 bytes).
    Removing stm32f0xx_hal_cortex.o(.text.__NVIC_GetPendingIRQ), (56 bytes).
    Removing stm32f0xx_hal_cortex.o(.ARM.exidx.text.__NVIC_GetPendingIRQ), (8 bytes).
    Removing stm32f0xx_hal_cortex.o(.text.HAL_NVIC_ClearPendingIRQ), (22 bytes).
    Removing stm32f0xx_hal_cortex.o(.ARM.exidx.text.HAL_NVIC_ClearPendingIRQ), (8 bytes).
    Removing stm32f0xx_hal_cortex.o(.text.__NVIC_ClearPendingIRQ), (44 bytes).
    Removing stm32f0xx_hal_cortex.o(.ARM.exidx.text.__NVIC_ClearPendingIRQ), (8 bytes).
    Removing stm32f0xx_hal_cortex.o(.text.HAL_SYSTICK_CLKSourceConfig), (44 bytes).
    Removing stm32f0xx_hal_cortex.o(.ARM.exidx.text.HAL_SYSTICK_CLKSourceConfig), (8 bytes).
    Removing stm32f0xx_hal_cortex.o(.text.HAL_SYSTICK_IRQHandler), (8 bytes).
    Removing stm32f0xx_hal_cortex.o(.ARM.exidx.text.HAL_SYSTICK_IRQHandler), (8 bytes).
    Removing stm32f0xx_hal_cortex.o(.text.HAL_SYSTICK_Callback), (2 bytes).
    Removing stm32f0xx_hal_cortex.o(.ARM.exidx.text.HAL_SYSTICK_Callback), (8 bytes).
    Removing stm32f0xx_hal_pwr.o(.text), (0 bytes).
    Removing stm32f0xx_hal_pwr.o(.text.HAL_PWR_DeInit), (24 bytes).
    Removing stm32f0xx_hal_pwr.o(.ARM.exidx.text.HAL_PWR_DeInit), (8 bytes).
    Removing stm32f0xx_hal_pwr.o(.text.HAL_PWR_EnableBkUpAccess), (20 bytes).
    Removing stm32f0xx_hal_pwr.o(.ARM.exidx.text.HAL_PWR_EnableBkUpAccess), (8 bytes).
    Removing stm32f0xx_hal_pwr.o(.text.HAL_PWR_DisableBkUpAccess), (20 bytes).
    Removing stm32f0xx_hal_pwr.o(.ARM.exidx.text.HAL_PWR_DisableBkUpAccess), (8 bytes).
    Removing stm32f0xx_hal_pwr.o(.text.HAL_PWR_EnableWakeUpPin), (24 bytes).
    Removing stm32f0xx_hal_pwr.o(.ARM.exidx.text.HAL_PWR_EnableWakeUpPin), (8 bytes).
    Removing stm32f0xx_hal_pwr.o(.text.HAL_PWR_DisableWakeUpPin), (24 bytes).
    Removing stm32f0xx_hal_pwr.o(.ARM.exidx.text.HAL_PWR_DisableWakeUpPin), (8 bytes).
    Removing stm32f0xx_hal_pwr.o(.text.HAL_PWR_EnterSLEEPMode), (48 bytes).
    Removing stm32f0xx_hal_pwr.o(.ARM.exidx.text.HAL_PWR_EnterSLEEPMode), (8 bytes).
    Removing stm32f0xx_hal_pwr.o(.text.HAL_PWR_EnterSTOPMode), (92 bytes).
    Removing stm32f0xx_hal_pwr.o(.ARM.exidx.text.HAL_PWR_EnterSTOPMode), (8 bytes).
    Removing stm32f0xx_hal_pwr.o(.text.HAL_PWR_EnterSTANDBYMode), (32 bytes).
    Removing stm32f0xx_hal_pwr.o(.ARM.exidx.text.HAL_PWR_EnterSTANDBYMode), (8 bytes).
    Removing stm32f0xx_hal_pwr.o(.text.HAL_PWR_EnableSleepOnExit), (16 bytes).
    Removing stm32f0xx_hal_pwr.o(.ARM.exidx.text.HAL_PWR_EnableSleepOnExit), (8 bytes).
    Removing stm32f0xx_hal_pwr.o(.text.HAL_PWR_DisableSleepOnExit), (16 bytes).
    Removing stm32f0xx_hal_pwr.o(.ARM.exidx.text.HAL_PWR_DisableSleepOnExit), (8 bytes).
    Removing stm32f0xx_hal_pwr.o(.text.HAL_PWR_EnableSEVOnPend), (16 bytes).
    Removing stm32f0xx_hal_pwr.o(.ARM.exidx.text.HAL_PWR_EnableSEVOnPend), (8 bytes).
    Removing stm32f0xx_hal_pwr.o(.text.HAL_PWR_DisableSEVOnPend), (16 bytes).
    Removing stm32f0xx_hal_pwr.o(.ARM.exidx.text.HAL_PWR_DisableSEVOnPend), (8 bytes).
    Removing stm32f0xx_hal_pwr_ex.o(.text), (0 bytes).
    Removing stm32f0xx_hal_flash.o(.text), (0 bytes).
    Removing stm32f0xx_hal_flash.o(.text.HAL_FLASH_Program), (260 bytes).
    Removing stm32f0xx_hal_flash.o(.ARM.exidx.text.HAL_FLASH_Program), (8 bytes).
    Removing stm32f0xx_hal_flash.o(.text.FLASH_WaitForLastOperation), (152 bytes).
    Removing stm32f0xx_hal_flash.o(.ARM.exidx.text.FLASH_WaitForLastOperation), (8 bytes).
    Removing stm32f0xx_hal_flash.o(.text.FLASH_Program_HalfWord), (44 bytes).
    Removing stm32f0xx_hal_flash.o(.ARM.exidx.text.FLASH_Program_HalfWord), (8 bytes).
    Removing stm32f0xx_hal_flash.o(.text.HAL_FLASH_Program_IT), (164 bytes).
    Removing stm32f0xx_hal_flash.o(.ARM.exidx.text.HAL_FLASH_Program_IT), (8 bytes).
    Removing stm32f0xx_hal_flash.o(.text.HAL_FLASH_IRQHandler), (432 bytes).
    Removing stm32f0xx_hal_flash.o(.ARM.exidx.text.HAL_FLASH_IRQHandler), (8 bytes).
    Removing stm32f0xx_hal_flash.o(.text.FLASH_SetErrorCode), (88 bytes).
    Removing stm32f0xx_hal_flash.o(.ARM.exidx.text.FLASH_SetErrorCode), (8 bytes).
    Removing stm32f0xx_hal_flash.o(.text.HAL_FLASH_OperationErrorCallback), (8 bytes).
    Removing stm32f0xx_hal_flash.o(.ARM.exidx.text.HAL_FLASH_OperationErrorCallback), (8 bytes).
    Removing stm32f0xx_hal_flash.o(.text.HAL_FLASH_EndOfOperationCallback), (8 bytes).
    Removing stm32f0xx_hal_flash.o(.ARM.exidx.text.HAL_FLASH_EndOfOperationCallback), (8 bytes).
    Removing stm32f0xx_hal_flash.o(.text.HAL_FLASH_Unlock), (76 bytes).
    Removing stm32f0xx_hal_flash.o(.ARM.exidx.text.HAL_FLASH_Unlock), (8 bytes).
    Removing stm32f0xx_hal_flash.o(.text.HAL_FLASH_Lock), (20 bytes).
    Removing stm32f0xx_hal_flash.o(.ARM.exidx.text.HAL_FLASH_Lock), (8 bytes).
    Removing stm32f0xx_hal_flash.o(.text.HAL_FLASH_OB_Unlock), (68 bytes).
    Removing stm32f0xx_hal_flash.o(.ARM.exidx.text.HAL_FLASH_OB_Unlock), (8 bytes).
    Removing stm32f0xx_hal_flash.o(.text.HAL_FLASH_OB_Lock), (20 bytes).
    Removing stm32f0xx_hal_flash.o(.ARM.exidx.text.HAL_FLASH_OB_Lock), (8 bytes).
    Removing stm32f0xx_hal_flash.o(.text.HAL_FLASH_OB_Launch), (32 bytes).
    Removing stm32f0xx_hal_flash.o(.ARM.exidx.text.HAL_FLASH_OB_Launch), (8 bytes).
    Removing stm32f0xx_hal_flash.o(.text.HAL_FLASH_GetError), (12 bytes).
    Removing stm32f0xx_hal_flash.o(.ARM.exidx.text.HAL_FLASH_GetError), (8 bytes).
    Removing stm32f0xx_hal_flash.o(.bss.pFlash), (32 bytes).
    Removing stm32f0xx_hal_flash_ex.o(.text), (0 bytes).
    Removing stm32f0xx_hal_flash_ex.o(.text.HAL_FLASHEx_Erase), (244 bytes).
    Removing stm32f0xx_hal_flash_ex.o(.ARM.exidx.text.HAL_FLASHEx_Erase), (8 bytes).
    Removing stm32f0xx_hal_flash_ex.o(.text.FLASH_MassErase), (36 bytes).
    Removing stm32f0xx_hal_flash_ex.o(.ARM.exidx.text.FLASH_MassErase), (8 bytes).
    Removing stm32f0xx_hal_flash_ex.o(.text.FLASH_PageErase), (52 bytes).
    Removing stm32f0xx_hal_flash_ex.o(.ARM.exidx.text.FLASH_PageErase), (8 bytes).
    Removing stm32f0xx_hal_flash_ex.o(.text.HAL_FLASHEx_Erase_IT), (148 bytes).
    Removing stm32f0xx_hal_flash_ex.o(.ARM.exidx.text.HAL_FLASHEx_Erase_IT), (8 bytes).
    Removing stm32f0xx_hal_flash_ex.o(.text.HAL_FLASHEx_OBErase), (144 bytes).
    Removing stm32f0xx_hal_flash_ex.o(.ARM.exidx.text.HAL_FLASHEx_OBErase), (8 bytes).
    Removing stm32f0xx_hal_flash_ex.o(.text.FLASH_OB_GetRDP), (60 bytes).
    Removing stm32f0xx_hal_flash_ex.o(.ARM.exidx.text.FLASH_OB_GetRDP), (8 bytes).
    Removing stm32f0xx_hal_flash_ex.o(.text.FLASH_OB_RDP_LevelConfig), (164 bytes).
    Removing stm32f0xx_hal_flash_ex.o(.ARM.exidx.text.FLASH_OB_RDP_LevelConfig), (8 bytes).
    Removing stm32f0xx_hal_flash_ex.o(.text.HAL_FLASHEx_OBProgram), (316 bytes).
    Removing stm32f0xx_hal_flash_ex.o(.ARM.exidx.text.HAL_FLASHEx_OBProgram), (8 bytes).
    Removing stm32f0xx_hal_flash_ex.o(.text.FLASH_OB_EnableWRP), (172 bytes).
    Removing stm32f0xx_hal_flash_ex.o(.ARM.exidx.text.FLASH_OB_EnableWRP), (8 bytes).
    Removing stm32f0xx_hal_flash_ex.o(.text.FLASH_OB_DisableWRP), (168 bytes).
    Removing stm32f0xx_hal_flash_ex.o(.ARM.exidx.text.FLASH_OB_DisableWRP), (8 bytes).
    Removing stm32f0xx_hal_flash_ex.o(.text.FLASH_OB_UserConfig), (116 bytes).
    Removing stm32f0xx_hal_flash_ex.o(.ARM.exidx.text.FLASH_OB_UserConfig), (8 bytes).
    Removing stm32f0xx_hal_flash_ex.o(.text.FLASH_OB_ProgramData), (108 bytes).
    Removing stm32f0xx_hal_flash_ex.o(.ARM.exidx.text.FLASH_OB_ProgramData), (8 bytes).
    Removing stm32f0xx_hal_flash_ex.o(.text.HAL_FLASHEx_OBGetConfig), (40 bytes).
    Removing stm32f0xx_hal_flash_ex.o(.ARM.exidx.text.HAL_FLASHEx_OBGetConfig), (8 bytes).
    Removing stm32f0xx_hal_flash_ex.o(.text.FLASH_OB_GetWRP), (12 bytes).
    Removing stm32f0xx_hal_flash_ex.o(.ARM.exidx.text.FLASH_OB_GetWRP), (8 bytes).
    Removing stm32f0xx_hal_flash_ex.o(.text.FLASH_OB_GetUser), (20 bytes).
    Removing stm32f0xx_hal_flash_ex.o(.ARM.exidx.text.FLASH_OB_GetUser), (8 bytes).
    Removing stm32f0xx_hal_flash_ex.o(.text.HAL_FLASHEx_OBGetUserData), (60 bytes).
    Removing stm32f0xx_hal_flash_ex.o(.ARM.exidx.text.HAL_FLASHEx_OBGetUserData), (8 bytes).
    Removing stm32f0xx_hal_exti.o(.text), (0 bytes).
    Removing stm32f0xx_hal_exti.o(.text.HAL_EXTI_SetConfigLine), (324 bytes).
    Removing stm32f0xx_hal_exti.o(.ARM.exidx.text.HAL_EXTI_SetConfigLine), (8 bytes).
    Removing stm32f0xx_hal_exti.o(.text.HAL_EXTI_GetConfigLine), (260 bytes).
    Removing stm32f0xx_hal_exti.o(.ARM.exidx.text.HAL_EXTI_GetConfigLine), (8 bytes).
    Removing stm32f0xx_hal_exti.o(.text.HAL_EXTI_ClearConfigLine), (184 bytes).
    Removing stm32f0xx_hal_exti.o(.ARM.exidx.text.HAL_EXTI_ClearConfigLine), (8 bytes).
    Removing stm32f0xx_hal_exti.o(.text.HAL_EXTI_RegisterCallback), (48 bytes).
    Removing stm32f0xx_hal_exti.o(.ARM.exidx.text.HAL_EXTI_RegisterCallback), (8 bytes).
    Removing stm32f0xx_hal_exti.o(.text.HAL_EXTI_GetHandle), (44 bytes).
    Removing stm32f0xx_hal_exti.o(.ARM.exidx.text.HAL_EXTI_GetHandle), (8 bytes).
    Removing stm32f0xx_hal_exti.o(.text.HAL_EXTI_IRQHandler), (72 bytes).
    Removing stm32f0xx_hal_exti.o(.ARM.exidx.text.HAL_EXTI_IRQHandler), (8 bytes).
    Removing stm32f0xx_hal_exti.o(.text.HAL_EXTI_GetPending), (48 bytes).
    Removing stm32f0xx_hal_exti.o(.ARM.exidx.text.HAL_EXTI_GetPending), (8 bytes).
    Removing stm32f0xx_hal_exti.o(.text.HAL_EXTI_ClearPending), (36 bytes).
    Removing stm32f0xx_hal_exti.o(.ARM.exidx.text.HAL_EXTI_ClearPending), (8 bytes).
    Removing stm32f0xx_hal_exti.o(.text.HAL_EXTI_GenerateSWI), (32 bytes).
    Removing stm32f0xx_hal_exti.o(.ARM.exidx.text.HAL_EXTI_GenerateSWI), (8 bytes).
    Removing system_stm32f0xx.o(.text), (0 bytes).
    Removing system_stm32f0xx.o(.ARM.exidx.text.SystemInit), (8 bytes).
    Removing system_stm32f0xx.o(.text.SystemCoreClockUpdate), (208 bytes).
    Removing system_stm32f0xx.o(.ARM.exidx.text.SystemCoreClockUpdate), (8 bytes).
    Removing system_stm32f0xx.o(.rodata.APBPrescTable), (8 bytes).

457 unused section(s) (total 32982 bytes) removed from the image.

==============================================================================

Image Symbol Table

    Local Symbols

    Symbol Name                              Value     Ov Type        Size  Object(Section)

    ../Core/Src/asm_sum.s                    0x00000000   Number         0  asm_sum.o ABSOLUTE
    ../clib/angel/boardlib.s                 0x00000000   Number         0  boardinit1.o ABSOLUTE
    ../clib/angel/boardlib.s                 0x00000000   Number         0  boardinit2.o ABSOLUTE
    ../clib/angel/boardlib.s                 0x00000000   Number         0  boardinit3.o ABSOLUTE
    ../clib/angel/boardlib.s                 0x00000000   Number         0  boardshut.o ABSOLUTE
    ../clib/angel/handlers.s                 0x00000000   Number         0  __scatter_copy.o ABSOLUTE
    ../clib/angel/handlers.s                 0x00000000   Number         0  __scatter_zi.o ABSOLUTE
    ../clib/angel/kernel.s                   0x00000000   Number         0  __rtentry.o ABSOLUTE
    ../clib/angel/kernel.s                   0x00000000   Number         0  __rtentry2.o ABSOLUTE
    ../clib/angel/kernel.s                   0x00000000   Number         0  __rtentry4.o ABSOLUTE
    ../clib/angel/kernel.s                   0x00000000   Number         0  rtexit.o ABSOLUTE
    ../clib/angel/kernel.s                   0x00000000   Number         0  rtexit2.o ABSOLUTE
    ../clib/angel/rt.s                       0x00000000   Number         0  aeabi_idiv0.o ABSOLUTE
    ../clib/angel/rt.s                       0x00000000   Number         0  aeabi_idiv0_sigfpe.o ABSOLUTE
    ../clib/angel/rt.s                       0x00000000   Number         0  aeabi_ldiv0.o ABSOLUTE
    ../clib/angel/rt.s                       0x00000000   Number         0  aeabi_ldiv0_sigfpe.o ABSOLUTE
    ../clib/angel/rt.s                       0x00000000   Number         0  rt_div0.o ABSOLUTE
    ../clib/angel/rt.s                       0x00000000   Number         0  rt_raise.o ABSOLUTE
    ../clib/angel/scatterp.s                 0x00000000   Number         0  __scatter.o ABSOLUTE
    ../clib/angel/startup.s                  0x00000000   Number         0  __main.o ABSOLUTE
    ../clib/angel/sys.s                      0x00000000   Number         0  sys_stackheap_outer.o ABSOLUTE
    ../clib/angel/sys.s                      0x00000000   Number         0  libspace.o ABSOLUTE
    ../clib/angel/sys.s                      0x00000000   Number         0  tempstk.o ABSOLUTE
    ../clib/angel/sys.s                      0x00000000   Number         0  use_no_semi.o ABSOLUTE
    ../clib/angel/sys.s                      0x00000000   Number         0  indicate_semi.o ABSOLUTE
    ../clib/angel/sysapp.c                   0x00000000   Number         0  sys_exit.o ABSOLUTE
    ../clib/angel/sysapp.c                   0x00000000   Number         0  sys_exit_hlt.o ABSOLUTE
    ../clib/angel/sysapp.c                   0x00000000   Number         0  sys_wrch.o ABSOLUTE
    ../clib/angel/sysapp.c                   0x00000000   Number         0  sys_wrch_hlt.o ABSOLUTE
    ../clib/angel/sysapp.c                   0x00000000   Number         0  sys_command.o ABSOLUTE
    ../clib/angel/sysapp.c                   0x00000000   Number         0  sys_command_hlt.o ABSOLUTE
    ../clib/armsys.c                         0x00000000   Number         0  argv_veneer.o ABSOLUTE
    ../clib/armsys.c                         0x00000000   Number         0  _get_argv_nomalloc.o ABSOLUTE
    ../clib/armsys.c                         0x00000000   Number         0  no_argv.o ABSOLUTE
    ../clib/division.c                       0x00000000   Number         0  lludiv.o ABSOLUTE
    ../clib/division.s                       0x00000000   Number         0  aeabi_sdiv.o ABSOLUTE
    ../clib/division.s                       0x00000000   Number         0  aeabi_sdiv_div0.o ABSOLUTE
    ../clib/heapalloc.c                      0x00000000   Number         0  hrguard.o ABSOLUTE
    ../clib/heapaux.c                        0x00000000   Number         0  heapauxi.o ABSOLUTE
    ../clib/libinit.s                        0x00000000   Number         0  libinit.o ABSOLUTE
    ../clib/libinit.s                        0x00000000   Number         0  libinit2.o ABSOLUTE
    ../clib/libinit.s                        0x00000000   Number         0  libshutdown.o ABSOLUTE
    ../clib/libinit.s                        0x00000000   Number         0  libshutdown2.o ABSOLUTE
    ../clib/longlong.c                       0x00000000   Number         0  llushr.o ABSOLUTE
    ../clib/longlong.c                       0x00000000   Number         0  llmul.o ABSOLUTE
    ../clib/memcpset.c                       0x00000000   Number         0  rt_memclr.o ABSOLUTE
    ../clib/signal.c                         0x00000000   Number         0  defsig_fpe_outer.o ABSOLUTE
    ../clib/signal.c                         0x00000000   Number         0  defsig_fpe_formal.o ABSOLUTE
    ../clib/signal.c                         0x00000000   Number         0  defsig_exit.o ABSOLUTE
    ../clib/signal.c                         0x00000000   Number         0  defsig_fpe_inner.o ABSOLUTE
    ../clib/signal.c                         0x00000000   Number         0  __raise.o ABSOLUTE
    ../clib/signal.c                         0x00000000   Number         0  defsig_general.o ABSOLUTE
    ../clib/signal.c                         0x00000000   Number         0  defsig_abrt_inner.o ABSOLUTE
    ../clib/signal.c                         0x00000000   Number         0  defsig_rtred_inner.o ABSOLUTE
    ../clib/signal.c                         0x00000000   Number         0  defsig_rtmem_inner.o ABSOLUTE
    ../clib/signal.c                         0x00000000   Number         0  defsig_rtmem_outer.o ABSOLUTE
    ../clib/signal.c                         0x00000000   Number         0  defsig_rtmem_formal.o ABSOLUTE
    ../clib/signal.c                         0x00000000   Number         0  defsig_stak_inner.o ABSOLUTE
    ../clib/signal.c                         0x00000000   Number         0  defsig_pvfn_inner.o ABSOLUTE
    ../clib/signal.c                         0x00000000   Number         0  defsig_cppl_inner.o ABSOLUTE
    ../clib/signal.c                         0x00000000   Number         0  defsig_segv_inner.o ABSOLUTE
    ../clib/signal.c                         0x00000000   Number         0  defsig_other.o ABSOLUTE
    ../clib/signal.s                         0x00000000   Number         0  defsig.o ABSOLUTE
    ../clib/stdlib.c                         0x00000000   Number         0  exit.o ABSOLUTE
    ../fplib/cfplib/fpinit.c                 0x00000000   Number         0  fpinit.o ABSOLUTE
    dc.s                                     0x00000000   Number         0  dc.o ABSOLUTE
    main.c                                   0x00000000   Number         0  main.o ABSOLUTE
    startup_stm32f030x6.s                    0x00000000   Number         0  startup_stm32f030x6.o ABSOLUTE
    stm32f0xx_hal.c                          0x00000000   Number         0  stm32f0xx_hal.o ABSOLUTE
    stm32f0xx_hal_cortex.c                   0x00000000   Number         0  stm32f0xx_hal_cortex.o ABSOLUTE
    stm32f0xx_hal_dma.c                      0x00000000   Number         0  stm32f0xx_hal_dma.o ABSOLUTE
    stm32f0xx_hal_exti.c                     0x00000000   Number         0  stm32f0xx_hal_exti.o ABSOLUTE
    stm32f0xx_hal_flash.c                    0x00000000   Number         0  stm32f0xx_hal_flash.o ABSOLUTE
    stm32f0xx_hal_flash_ex.c                 0x00000000   Number         0  stm32f0xx_hal_flash_ex.o ABSOLUTE
    stm32f0xx_hal_gpio.c                     0x00000000   Number         0  stm32f0xx_hal_gpio.o ABSOLUTE
    stm32f0xx_hal_i2c.c                      0x00000000   Number         0  stm32f0xx_hal_i2c.o ABSOLUTE
    stm32f0xx_hal_i2c_ex.c                   0x00000000   Number         0  stm32f0xx_hal_i2c_ex.o ABSOLUTE
    stm32f0xx_hal_msp.c                      0x00000000   Number         0  stm32f0xx_hal_msp.o ABSOLUTE
    stm32f0xx_hal_pwr.c                      0x00000000   Number         0  stm32f0xx_hal_pwr.o ABSOLUTE
    stm32f0xx_hal_pwr_ex.c                   0x00000000   Number         0  stm32f0xx_hal_pwr_ex.o ABSOLUTE
    stm32f0xx_hal_rcc.c                      0x00000000   Number         0  stm32f0xx_hal_rcc.o ABSOLUTE
    stm32f0xx_hal_rcc_ex.c                   0x00000000   Number         0  stm32f0xx_hal_rcc_ex.o ABSOLUTE
    stm32f0xx_hal_tim.c                      0x00000000   Number         0  stm32f0xx_hal_tim.o ABSOLUTE
    stm32f0xx_hal_tim_ex.c                   0x00000000   Number         0  stm32f0xx_hal_tim_ex.o ABSOLUTE
    stm32f0xx_it.c                           0x00000000   Number         0  stm32f0xx_it.o ABSOLUTE
    sum.c                                    0x00000000   Number         0  sum.o ABSOLUTE
    system_stm32f0xx.c                       0x00000000   Number         0  system_stm32f0xx.o ABSOLUTE
    RESET                                    0x08000000   Section      176  startup_stm32f030x6.o(RESET)
    !!!main                                  0x080000b0   Section        8  __main.o(!!!main)
    !!!scatter                               0x080000b8   Section       60  __scatter.o(!!!scatter)
    !!handler_copy                           0x080000f4   Section       26  __scatter_copy.o(!!handler_copy)
    !!handler_zi                             0x08000110   Section       28  __scatter_zi.o(!!handler_zi)
    .ARM.Collect$$libinit$$00000000          0x0800012c   Section        2  libinit.o(.ARM.Collect$$libinit$$00000000)
    .ARM.Collect$$libinit$$00000002          0x0800012e   Section        0  libinit2.o(.ARM.Collect$$libinit$$00000002)
    .ARM.Collect$$libinit$$00000004          0x0800012e   Section        0  libinit2.o(.ARM.Collect$$libinit$$00000004)
    .ARM.Collect$$libinit$$00000006          0x0800012e   Section        0  libinit2.o(.ARM.Collect$$libinit$$00000006)
    .ARM.Collect$$libinit$$0000000C          0x0800012e   Section        0  libinit2.o(.ARM.Collect$$libinit$$0000000C)
    .ARM.Collect$$libinit$$0000000E          0x0800012e   Section        0  libinit2.o(.ARM.Collect$$libinit$$0000000E)
    .ARM.Collect$$libinit$$00000010          0x0800012e   Section        0  libinit2.o(.ARM.Collect$$libinit$$00000010)
    .ARM.Collect$$libinit$$00000013          0x0800012e   Section        0  libinit2.o(.ARM.Collect$$libinit$$00000013)
    .ARM.Collect$$libinit$$00000015          0x0800012e   Section        0  libinit2.o(.ARM.Collect$$libinit$$00000015)
    .ARM.Collect$$libinit$$00000017          0x0800012e   Section        0  libinit2.o(.ARM.Collect$$libinit$$00000017)
    .ARM.Collect$$libinit$$00000019          0x0800012e   Section        0  libinit2.o(.ARM.Collect$$libinit$$00000019)
    .ARM.Collect$$libinit$$0000001B          0x0800012e   Section        0  libinit2.o(.ARM.Collect$$libinit$$0000001B)
    .ARM.Collect$$libinit$$0000001D          0x0800012e   Section        0  libinit2.o(.ARM.Collect$$libinit$$0000001D)
    .ARM.Collect$$libinit$$0000001F          0x0800012e   Section        0  libinit2.o(.ARM.Collect$$libinit$$0000001F)
    .ARM.Collect$$libinit$$00000021          0x0800012e   Section        0  libinit2.o(.ARM.Collect$$libinit$$00000021)
    .ARM.Collect$$libinit$$00000023          0x0800012e   Section        0  libinit2.o(.ARM.Collect$$libinit$$00000023)
    .ARM.Collect$$libinit$$00000025          0x0800012e   Section        0  libinit2.o(.ARM.Collect$$libinit$$00000025)
    .ARM.Collect$$libinit$$00000027          0x0800012e   Section        0  libinit2.o(.ARM.Collect$$libinit$$00000027)
    .ARM.Collect$$libinit$$0000002E          0x0800012e   Section        0  libinit2.o(.ARM.Collect$$libinit$$0000002E)
    .ARM.Collect$$libinit$$00000030          0x0800012e   Section        0  libinit2.o(.ARM.Collect$$libinit$$00000030)
    .ARM.Collect$$libinit$$00000032          0x0800012e   Section        0  libinit2.o(.ARM.Collect$$libinit$$00000032)
    .ARM.Collect$$libinit$$00000034          0x0800012e   Section        0  libinit2.o(.ARM.Collect$$libinit$$00000034)
    .ARM.Collect$$libinit$$00000035          0x0800012e   Section        2  libinit2.o(.ARM.Collect$$libinit$$00000035)
    .ARM.Collect$$libshutdown$$00000000      0x08000130   Section        2  libshutdown.o(.ARM.Collect$$libshutdown$$00000000)
    .ARM.Collect$$libshutdown$$00000002      0x08000132   Section        0  libshutdown2.o(.ARM.Collect$$libshutdown$$00000002)
    .ARM.Collect$$libshutdown$$00000004      0x08000132   Section        0  libshutdown2.o(.ARM.Collect$$libshutdown$$00000004)
    .ARM.Collect$$libshutdown$$00000007      0x08000132   Section        0  libshutdown2.o(.ARM.Collect$$libshutdown$$00000007)
    .ARM.Collect$$libshutdown$$0000000A      0x08000132   Section        0  libshutdown2.o(.ARM.Collect$$libshutdown$$0000000A)
    .ARM.Collect$$libshutdown$$0000000C      0x08000132   Section        0  libshutdown2.o(.ARM.Collect$$libshutdown$$0000000C)
    .ARM.Collect$$libshutdown$$0000000F      0x08000132   Section        0  libshutdown2.o(.ARM.Collect$$libshutdown$$0000000F)
    .ARM.Collect$$libshutdown$$00000010      0x08000132   Section        2  libshutdown2.o(.ARM.Collect$$libshutdown$$00000010)
    .ARM.Collect$$rtentry$$00000000          0x08000134   Section        0  __rtentry.o(.ARM.Collect$$rtentry$$00000000)
    .ARM.Collect$$rtentry$$00000002          0x08000134   Section        0  __rtentry2.o(.ARM.Collect$$rtentry$$00000002)
    .ARM.Collect$$rtentry$$00000004          0x08000134   Section        6  __rtentry4.o(.ARM.Collect$$rtentry$$00000004)
    .ARM.Collect$$rtentry$$00000009          0x0800013a   Section        0  __rtentry2.o(.ARM.Collect$$rtentry$$00000009)
    .ARM.Collect$$rtentry$$0000000A          0x0800013a   Section        4  __rtentry2.o(.ARM.Collect$$rtentry$$0000000A)
    .ARM.Collect$$rtentry$$0000000C          0x0800013e   Section        0  __rtentry2.o(.ARM.Collect$$rtentry$$0000000C)
    .ARM.Collect$$rtentry$$0000000D          0x0800013e   Section        8  __rtentry2.o(.ARM.Collect$$rtentry$$0000000D)
    .ARM.Collect$$rtexit$$00000000           0x08000146   Section        2  rtexit.o(.ARM.Collect$$rtexit$$00000000)
    .ARM.Collect$$rtexit$$00000002           0x08000148   Section        0  rtexit2.o(.ARM.Collect$$rtexit$$00000002)
    .ARM.Collect$$rtexit$$00000003           0x08000148   Section        4  rtexit2.o(.ARM.Collect$$rtexit$$00000003)
    .ARM.Collect$$rtexit$$00000004           0x0800014c   Section        6  rtexit2.o(.ARM.Collect$$rtexit$$00000004)
    .text                                    0x08000154   Section       56  startup_stm32f030x6.o(.text)
    .text                                    0x0800018c   Section        0  llmul.o(.text)
    .text                                    0x080001bc   Section        0  lludiv.o(.text)
    .text                                    0x080002cc   Section        0  rt_memclr.o(.text)
    .text                                    0x0800030c   Section      364  aeabi_sdiv.o(.text)
    .text                                    0x08000478   Section        0  heapauxi.o(.text)
    .text                                    0x0800047e   Section       62  sys_stackheap_outer.o(.text)
    .text                                    0x080004bc   Section        0  exit.o(.text)
    .text                                    0x080004cc   Section        8  libspace.o(.text)
    .text                                    0x080004d4   Section        0  sys_exit.o(.text)
    .text                                    0x080004e0   Section        2  use_no_semi.o(.text)
    [Anonymous Symbol]                       0x080004e2   Section        0  main.o(.text.Error_Handler)
    .text                                    0x080004e2   Section        0  indicate_semi.o(.text)
    [Anonymous Symbol]                       0x080004f0   Section        0  stm32f0xx_hal.o(.text.HAL_Delay)
    [Anonymous Symbol]                       0x08000530   Section        0  stm32f0xx_hal_gpio.o(.text.HAL_GPIO_Init)
    __arm_cp.0_1                             0x080007f4   Number         4  stm32f0xx_hal_gpio.o(.text.HAL_GPIO_Init)
    __arm_cp.0_2                             0x080007f8   Number         4  stm32f0xx_hal_gpio.o(.text.HAL_GPIO_Init)
    __arm_cp.0_3                             0x080007fc   Number         4  stm32f0xx_hal_gpio.o(.text.HAL_GPIO_Init)
    __arm_cp.0_4                             0x08000800   Number         4  stm32f0xx_hal_gpio.o(.text.HAL_GPIO_Init)
    __arm_cp.0_5                             0x08000804   Number         4  stm32f0xx_hal_gpio.o(.text.HAL_GPIO_Init)
    __arm_cp.0_6                             0x08000808   Number         4  stm32f0xx_hal_gpio.o(.text.HAL_GPIO_Init)
    __arm_cp.0_7                             0x0800080c   Number         4  stm32f0xx_hal_gpio.o(.text.HAL_GPIO_Init)
    __arm_cp.0_8                             0x08000810   Number         4  stm32f0xx_hal_gpio.o(.text.HAL_GPIO_Init)
    [Anonymous Symbol]                       0x08000814   Section        0  stm32f0xx_hal_gpio.o(.text.HAL_GPIO_WritePin)
    [Anonymous Symbol]                       0x08000840   Section        0  stm32f0xx_hal.o(.text.HAL_GetTick)
    [Anonymous Symbol]                       0x08000848   Section        0  stm32f0xx_hal.o(.text.HAL_IncTick)
    __arm_cp.5_1                             0x08000858   Number         4  stm32f0xx_hal.o(.text.HAL_IncTick)
    [Anonymous Symbol]                       0x0800085c   Section        0  stm32f0xx_hal.o(.text.HAL_Init)
    [Anonymous Symbol]                       0x08000878   Section        0  stm32f0xx_hal.o(.text.HAL_InitTick)
    __arm_cp.1_1                             0x080008dc   Number         4  stm32f0xx_hal.o(.text.HAL_InitTick)
    __arm_cp.1_2                             0x080008e0   Number         4  stm32f0xx_hal.o(.text.HAL_InitTick)
    [Anonymous Symbol]                       0x080008e4   Section        0  stm32f0xx_hal_msp.o(.text.HAL_MspInit)
    __arm_cp.0_0                             0x08000918   Number         4  stm32f0xx_hal_msp.o(.text.HAL_MspInit)
    __arm_cp.0_1                             0x0800091c   Number         4  stm32f0xx_hal_msp.o(.text.HAL_MspInit)
    [Anonymous Symbol]                       0x08000920   Section        0  stm32f0xx_hal_cortex.o(.text.HAL_NVIC_SetPriority)
    [Anonymous Symbol]                       0x0800093c   Section        0  stm32f0xx_hal_rcc.o(.text.HAL_RCC_ClockConfig)
    __arm_cp.2_0                             0x08000aec   Number         4  stm32f0xx_hal_rcc.o(.text.HAL_RCC_ClockConfig)
    __arm_cp.2_2                             0x08000af0   Number         4  stm32f0xx_hal_rcc.o(.text.HAL_RCC_ClockConfig)
    __arm_cp.2_3                             0x08000af4   Number         4  stm32f0xx_hal_rcc.o(.text.HAL_RCC_ClockConfig)
    __arm_cp.2_4                             0x08000af8   Number         4  stm32f0xx_hal_rcc.o(.text.HAL_RCC_ClockConfig)
    __arm_cp.2_5                             0x08000afc   Number         4  stm32f0xx_hal_rcc.o(.text.HAL_RCC_ClockConfig)
    [Anonymous Symbol]                       0x08000b00   Section        0  stm32f0xx_hal_rcc.o(.text.HAL_RCC_GetSysClockFreq)
    __arm_cp.3_0                             0x08000bb8   Number         4  stm32f0xx_hal_rcc.o(.text.HAL_RCC_GetSysClockFreq)
    __arm_cp.3_1                             0x08000bbc   Number         4  stm32f0xx_hal_rcc.o(.text.HAL_RCC_GetSysClockFreq)
    __arm_cp.3_2                             0x08000bc0   Number         4  stm32f0xx_hal_rcc.o(.text.HAL_RCC_GetSysClockFreq)
    __arm_cp.3_3                             0x08000bc4   Number         4  stm32f0xx_hal_rcc.o(.text.HAL_RCC_GetSysClockFreq)
    __arm_cp.3_4                             0x08000bc8   Number         4  stm32f0xx_hal_rcc.o(.text.HAL_RCC_GetSysClockFreq)
    __arm_cp.3_5                             0x08000bcc   Number         4  stm32f0xx_hal_rcc.o(.text.HAL_RCC_GetSysClockFreq)
    __arm_cp.3_6                             0x08000bd0   Number         4  stm32f0xx_hal_rcc.o(.text.HAL_RCC_GetSysClockFreq)
    __arm_cp.3_7                             0x08000bd4   Number         4  stm32f0xx_hal_rcc.o(.text.HAL_RCC_GetSysClockFreq)
    __arm_cp.3_8                             0x08000bd8   Number         4  stm32f0xx_hal_rcc.o(.text.HAL_RCC_GetSysClockFreq)
    __arm_cp.3_9                             0x08000bdc   Number         4  stm32f0xx_hal_rcc.o(.text.HAL_RCC_GetSysClockFreq)
    __arm_cp.3_10                            0x08000be0   Number         4  stm32f0xx_hal_rcc.o(.text.HAL_RCC_GetSysClockFreq)
    __arm_cp.3_11                            0x08000be4   Number         4  stm32f0xx_hal_rcc.o(.text.HAL_RCC_GetSysClockFreq)
    [Anonymous Symbol]                       0x08000be8   Section        0  stm32f0xx_hal_rcc.o(.text.HAL_RCC_OscConfig)
    __arm_cp.1_0                             0x08001274   Number         4  stm32f0xx_hal_rcc.o(.text.HAL_RCC_OscConfig)
    __arm_cp.1_1                             0x08001278   Number         4  stm32f0xx_hal_rcc.o(.text.HAL_RCC_OscConfig)
    __arm_cp.1_2                             0x0800127c   Number         4  stm32f0xx_hal_rcc.o(.text.HAL_RCC_OscConfig)
    __arm_cp.1_3                             0x08001280   Number         4  stm32f0xx_hal_rcc.o(.text.HAL_RCC_OscConfig)
    __arm_cp.1_4                             0x08001284   Number         4  stm32f0xx_hal_rcc.o(.text.HAL_RCC_OscConfig)
    __arm_cp.1_5                             0x08001288   Number         4  stm32f0xx_hal_rcc.o(.text.HAL_RCC_OscConfig)
    __arm_cp.1_6                             0x0800128c   Number         4  stm32f0xx_hal_rcc.o(.text.HAL_RCC_OscConfig)
    __arm_cp.1_7                             0x08001290   Number         4  stm32f0xx_hal_rcc.o(.text.HAL_RCC_OscConfig)
    __arm_cp.1_8                             0x08001294   Number         4  stm32f0xx_hal_rcc.o(.text.HAL_RCC_OscConfig)
    [Anonymous Symbol]                       0x08001298   Section        0  stm32f0xx_hal_cortex.o(.text.HAL_SYSTICK_Config)
    [Anonymous Symbol]                       0x080012a8   Section        0  stm32f0xx_it.o(.text.HardFault_Handler)
    MX_GPIO_Init                             0x080012ad   Thumb Code   108  main.o(.text.MX_GPIO_Init)
    [Anonymous Symbol]                       0x080012ac   Section        0  main.o(.text.MX_GPIO_Init)
    __arm_cp.2_0                             0x08001318   Number         4  main.o(.text.MX_GPIO_Init)
    [Anonymous Symbol]                       0x0800131c   Section        0  stm32f0xx_it.o(.text.NMI_Handler)
    [Anonymous Symbol]                       0x08001320   Section        0  stm32f0xx_it.o(.text.PendSV_Handler)
    [Anonymous Symbol]                       0x08001322   Section        0  stm32f0xx_it.o(.text.SVC_Handler)
    SysTick_Config                           0x08001325   Thumb Code    68  stm32f0xx_hal_cortex.o(.text.SysTick_Config)
    [Anonymous Symbol]                       0x08001324   Section        0  stm32f0xx_hal_cortex.o(.text.SysTick_Config)
    __arm_cp.9_0                             0x08001368   Number         4  stm32f0xx_hal_cortex.o(.text.SysTick_Config)
    __arm_cp.9_1                             0x0800136c   Number         4  stm32f0xx_hal_cortex.o(.text.SysTick_Config)
    __arm_cp.9_2                             0x08001370   Number         4  stm32f0xx_hal_cortex.o(.text.SysTick_Config)
    [Anonymous Symbol]                       0x08001374   Section        0  stm32f0xx_it.o(.text.SysTick_Handler)
    [Anonymous Symbol]                       0x0800137c   Section        0  main.o(.text.SystemClock_Config)
    [Anonymous Symbol]                       0x080013e0   Section        0  system_stm32f0xx.o(.text.SystemInit)
    __NVIC_SetPriority                       0x080013e5   Thumb Code   124  stm32f0xx_hal_cortex.o(.text.__NVIC_SetPriority)
    [Anonymous Symbol]                       0x080013e4   Section        0  stm32f0xx_hal_cortex.o(.text.__NVIC_SetPriority)
    __arm_cp.1_0                             0x08001460   Number         4  stm32f0xx_hal_cortex.o(.text.__NVIC_SetPriority)
    __arm_cp.1_1                             0x08001464   Number         4  stm32f0xx_hal_cortex.o(.text.__NVIC_SetPriority)
    [Anonymous Symbol]                       0x08001468   Section        0  main.o(.text.main)
    __arm_cp.0_0                             0x080014bc   Number         4  main.o(.text.main)
    __arm_cp.0_1                             0x080014c0   Number         4  main.o(.text.main)
    asm_unc                                  0x080014c4   Section       16  asm_sum.o(asm_unc)
    GV                                       0x2000000c   Section        8  asm_sum.o(GV)
    .bss                                     0x20000018   Section       96  libspace.o(.bss)
    Heap_Mem                                 0x20000080   Data         512  startup_stm32f030x6.o(HEAP)
    HEAP                                     0x20000080   Section      512  startup_stm32f030x6.o(HEAP)
    Stack_Mem                                0x20000280   Data        1024  startup_stm32f030x6.o(STACK)
    STACK                                    0x20000280   Section     1024  startup_stm32f030x6.o(STACK)
    __initial_sp                             0x20000680   Data           0  startup_stm32f030x6.o(STACK)

    Global Symbols

    Symbol Name                              Value     Ov Type        Size  Object(Section)

    BuildAttributes$$THM_ISAv3M$S$PE$A:L22$X:L11$S22$IEEE1$IW$~IW$USESV6$~STKCKD$USESV7$~SHL$OSPACE$ROPI$EBA8$UX$STANDARDLIB$REQ8$PRES8$EABIv2 0x00000000   Number         0  anon$$obj.o ABSOLUTE
    __ARM_exceptions_init                     - Undefined Weak Reference
    __alloca_initialize                       - Undefined Weak Reference
    __arm_preinit_                            - Undefined Weak Reference
    __arm_relocate_pie_                       - Undefined Weak Reference
    __cpp_initialize__aeabi_                  - Undefined Weak Reference
    __cxa_finalize                            - Undefined Weak Reference
    __rt_locale                               - Undefined Weak Reference
    __sigvec_lookup                           - Undefined Weak Reference
    _atexit_init                              - Undefined Weak Reference
    _call_atexit_fns                          - Undefined Weak Reference
    _clock_init                               - Undefined Weak Reference
    _fp_trap_init                             - Undefined Weak Reference
    _fp_trap_shutdown                         - Undefined Weak Reference
    _get_lc_collate                           - Undefined Weak Reference
    _get_lc_ctype                             - Undefined Weak Reference
    _get_lc_monetary                          - Undefined Weak Reference
    _get_lc_numeric                           - Undefined Weak Reference
    _get_lc_time                              - Undefined Weak Reference
    _getenv_init                              - Undefined Weak Reference
    _handle_redirection                       - Undefined Weak Reference
    _init_alloc                               - Undefined Weak Reference
    _init_user_alloc                          - Undefined Weak Reference
    _initio                                   - Undefined Weak Reference
    _rand_init                                - Undefined Weak Reference
    _signal_finish                            - Undefined Weak Reference
    _signal_init                              - Undefined Weak Reference
    _terminate_alloc                          - Undefined Weak Reference
    _terminate_user_alloc                     - Undefined Weak Reference
    _terminateio                              - Undefined Weak Reference
    __Vectors_Size                           0x000000b0   Number         0  startup_stm32f030x6.o ABSOLUTE
    __Vectors                                0x08000000   Data           4  startup_stm32f030x6.o(RESET)
    __Vectors_End                            0x080000b0   Data           0  startup_stm32f030x6.o(RESET)
    __main                                   0x080000b1   Thumb Code     8  __main.o(!!!main)
    __scatterload                            0x080000b9   Thumb Code     0  __scatter.o(!!!scatter)
    __scatterload_rt2                        0x080000b9   Thumb Code    52  __scatter.o(!!!scatter)
    __scatterload_rt2_thumb_only             0x080000b9   Thumb Code     0  __scatter.o(!!!scatter)
    __scatterload_null                       0x080000c9   Thumb Code     0  __scatter.o(!!!scatter)
    __scatterload_copy                       0x080000f5   Thumb Code    26  __scatter_copy.o(!!handler_copy)
    __scatterload_zeroinit                   0x08000111   Thumb Code    28  __scatter_zi.o(!!handler_zi)
    __rt_lib_init                            0x0800012d   Thumb Code     0  libinit.o(.ARM.Collect$$libinit$$00000000)
    __rt_lib_init_alloca_1                   0x0800012f   Thumb Code     0  libinit2.o(.ARM.Collect$$libinit$$00000030)
    __rt_lib_init_argv_1                     0x0800012f   Thumb Code     0  libinit2.o(.ARM.Collect$$libinit$$0000002E)
    __rt_lib_init_atexit_1                   0x0800012f   Thumb Code     0  libinit2.o(.ARM.Collect$$libinit$$0000001D)
    __rt_lib_init_clock_1                    0x0800012f   Thumb Code     0  libinit2.o(.ARM.Collect$$libinit$$00000023)
    __rt_lib_init_cpp_1                      0x0800012f   Thumb Code     0  libinit2.o(.ARM.Collect$$libinit$$00000034)
    __rt_lib_init_exceptions_1               0x0800012f   Thumb Code     0  libinit2.o(.ARM.Collect$$libinit$$00000032)
    __rt_lib_init_fp_1                       0x0800012f   Thumb Code     0  libinit2.o(.ARM.Collect$$libinit$$00000002)
    __rt_lib_init_fp_trap_1                  0x0800012f   Thumb Code     0  libinit2.o(.ARM.Collect$$libinit$$00000021)
    __rt_lib_init_getenv_1                   0x0800012f   Thumb Code     0  libinit2.o(.ARM.Collect$$libinit$$00000025)
    __rt_lib_init_heap_1                     0x0800012f   Thumb Code     0  libinit2.o(.ARM.Collect$$libinit$$0000000C)
    __rt_lib_init_lc_collate_1               0x0800012f   Thumb Code     0  libinit2.o(.ARM.Collect$$libinit$$00000013)
    __rt_lib_init_lc_ctype_1                 0x0800012f   Thumb Code     0  libinit2.o(.ARM.Collect$$libinit$$00000015)
    __rt_lib_init_lc_monetary_1              0x0800012f   Thumb Code     0  libinit2.o(.ARM.Collect$$libinit$$00000017)
    __rt_lib_init_lc_numeric_1               0x0800012f   Thumb Code     0  libinit2.o(.ARM.Collect$$libinit$$00000019)
    __rt_lib_init_lc_time_1                  0x0800012f   Thumb Code     0  libinit2.o(.ARM.Collect$$libinit$$0000001B)
    __rt_lib_init_preinit_1                  0x0800012f   Thumb Code     0  libinit2.o(.ARM.Collect$$libinit$$00000006)
    __rt_lib_init_rand_1                     0x0800012f   Thumb Code     0  libinit2.o(.ARM.Collect$$libinit$$00000010)
    __rt_lib_init_relocate_pie_1             0x0800012f   Thumb Code     0  libinit2.o(.ARM.Collect$$libinit$$00000004)
    __rt_lib_init_return                     0x0800012f   Thumb Code     0  libinit2.o(.ARM.Collect$$libinit$$00000035)
    __rt_lib_init_signal_1                   0x0800012f   Thumb Code     0  libinit2.o(.ARM.Collect$$libinit$$0000001F)
    __rt_lib_init_stdio_1                    0x0800012f   Thumb Code     0  libinit2.o(.ARM.Collect$$libinit$$00000027)
    __rt_lib_init_user_alloc_1               0x0800012f   Thumb Code     0  libinit2.o(.ARM.Collect$$libinit$$0000000E)
    __rt_lib_shutdown                        0x08000131   Thumb Code     0  libshutdown.o(.ARM.Collect$$libshutdown$$00000000)
    __rt_lib_shutdown_cpp_1                  0x08000133   Thumb Code     0  libshutdown2.o(.ARM.Collect$$libshutdown$$00000002)
    __rt_lib_shutdown_fp_trap_1              0x08000133   Thumb Code     0  libshutdown2.o(.ARM.Collect$$libshutdown$$00000007)
    __rt_lib_shutdown_heap_1                 0x08000133   Thumb Code     0  libshutdown2.o(.ARM.Collect$$libshutdown$$0000000F)
    __rt_lib_shutdown_return                 0x08000133   Thumb Code     0  libshutdown2.o(.ARM.Collect$$libshutdown$$00000010)
    __rt_lib_shutdown_signal_1               0x08000133   Thumb Code     0  libshutdown2.o(.ARM.Collect$$libshutdown$$0000000A)
    __rt_lib_shutdown_stdio_1                0x08000133   Thumb Code     0  libshutdown2.o(.ARM.Collect$$libshutdown$$00000004)
    __rt_lib_shutdown_user_alloc_1           0x08000133   Thumb Code     0  libshutdown2.o(.ARM.Collect$$libshutdown$$0000000C)
    __rt_entry                               0x08000135   Thumb Code     0  __rtentry.o(.ARM.Collect$$rtentry$$00000000)
    __rt_entry_presh_1                       0x08000135   Thumb Code     0  __rtentry2.o(.ARM.Collect$$rtentry$$00000002)
    __rt_entry_sh                            0x08000135   Thumb Code     0  __rtentry4.o(.ARM.Collect$$rtentry$$00000004)
    __rt_entry_li                            0x0800013b   Thumb Code     0  __rtentry2.o(.ARM.Collect$$rtentry$$0000000A)
    __rt_entry_postsh_1                      0x0800013b   Thumb Code     0  __rtentry2.o(.ARM.Collect$$rtentry$$00000009)
    __rt_entry_main                          0x0800013f   Thumb Code     0  __rtentry2.o(.ARM.Collect$$rtentry$$0000000D)
    __rt_entry_postli_1                      0x0800013f   Thumb Code     0  __rtentry2.o(.ARM.Collect$$rtentry$$0000000C)
    __rt_exit                                0x08000147   Thumb Code     0  rtexit.o(.ARM.Collect$$rtexit$$00000000)
    __rt_exit_ls                             0x08000149   Thumb Code     0  rtexit2.o(.ARM.Collect$$rtexit$$00000003)
    __rt_exit_prels_1                        0x08000149   Thumb Code     0  rtexit2.o(.ARM.Collect$$rtexit$$00000002)
    __rt_exit_exit                           0x0800014d   Thumb Code     0  rtexit2.o(.ARM.Collect$$rtexit$$00000004)
    Reset_Handler                            0x08000155   Thumb Code     8  startup_stm32f030x6.o(.text)
    ADC1_IRQHandler                          0x08000167   Thumb Code     0  startup_stm32f030x6.o(.text)
    DMA1_Channel1_IRQHandler                 0x08000167   Thumb Code     0  startup_stm32f030x6.o(.text)
    DMA1_Channel2_3_IRQHandler               0x08000167   Thumb Code     0  startup_stm32f030x6.o(.text)
    DMA1_Channel4_5_IRQHandler               0x08000167   Thumb Code     0  startup_stm32f030x6.o(.text)
    EXTI0_1_IRQHandler                       0x08000167   Thumb Code     0  startup_stm32f030x6.o(.text)
    EXTI2_3_IRQHandler                       0x08000167   Thumb Code     0  startup_stm32f030x6.o(.text)
    EXTI4_15_IRQHandler                      0x08000167   Thumb Code     0  startup_stm32f030x6.o(.text)
    FLASH_IRQHandler                         0x08000167   Thumb Code     0  startup_stm32f030x6.o(.text)
    I2C1_IRQHandler                          0x08000167   Thumb Code     0  startup_stm32f030x6.o(.text)
    RCC_IRQHandler                           0x08000167   Thumb Code     0  startup_stm32f030x6.o(.text)
    RTC_IRQHandler                           0x08000167   Thumb Code     0  startup_stm32f030x6.o(.text)
    SPI1_IRQHandler                          0x08000167   Thumb Code     0  startup_stm32f030x6.o(.text)
    TIM14_IRQHandler                         0x08000167   Thumb Code     0  startup_stm32f030x6.o(.text)
    TIM16_IRQHandler                         0x08000167   Thumb Code     0  startup_stm32f030x6.o(.text)
    TIM17_IRQHandler                         0x08000167   Thumb Code     0  startup_stm32f030x6.o(.text)
    TIM1_BRK_UP_TRG_COM_IRQHandler           0x08000167   Thumb Code     0  startup_stm32f030x6.o(.text)
    TIM1_CC_IRQHandler                       0x08000167   Thumb Code     0  startup_stm32f030x6.o(.text)
    TIM3_IRQHandler                          0x08000167   Thumb Code     0  startup_stm32f030x6.o(.text)
    USART1_IRQHandler                        0x08000167   Thumb Code     0  startup_stm32f030x6.o(.text)
    WWDG_IRQHandler                          0x08000167   Thumb Code     0  startup_stm32f030x6.o(.text)
    __user_initial_stackheap                 0x08000169   Thumb Code     0  startup_stm32f030x6.o(.text)
    __aeabi_lmul                             0x0800018d   Thumb Code    48  llmul.o(.text)
    _ll_mul                                  0x0800018d   Thumb Code     0  llmul.o(.text)
    __aeabi_uldivmod                         0x080001bd   Thumb Code   272  lludiv.o(.text)
    _ll_udiv                                 0x080001bd   Thumb Code     0  lludiv.o(.text)
    _memset_w                                0x080002cd   Thumb Code    26  rt_memclr.o(.text)
    _memset                                  0x080002e7   Thumb Code    30  rt_memclr.o(.text)
    __aeabi_memclr                           0x08000305   Thumb Code     4  rt_memclr.o(.text)
    __rt_memclr                              0x08000305   Thumb Code     0  rt_memclr.o(.text)
    __aeabi_memclr4                          0x08000309   Thumb Code     0  rt_memclr.o(.text)
    __aeabi_memclr8                          0x08000309   Thumb Code     0  rt_memclr.o(.text)
    __rt_memclr_w                            0x08000309   Thumb Code     4  rt_memclr.o(.text)
    __aeabi_uidiv                            0x0800030d   Thumb Code     0  aeabi_sdiv.o(.text)
    __aeabi_uidivmod                         0x0800030d   Thumb Code    20  aeabi_sdiv.o(.text)
    __aeabi_idiv                             0x08000321   Thumb Code     0  aeabi_sdiv.o(.text)
    __aeabi_idivmod                          0x08000321   Thumb Code   338  aeabi_sdiv.o(.text)
    __use_two_region_memory                  0x08000479   Thumb Code     2  heapauxi.o(.text)
    __rt_heap_escrow$2region                 0x0800047b   Thumb Code     2  heapauxi.o(.text)
    __rt_heap_expand$2region                 0x0800047d   Thumb Code     2  heapauxi.o(.text)
    __user_setup_stackheap                   0x0800047f   Thumb Code    62  sys_stackheap_outer.o(.text)
    exit                                     0x080004bd   Thumb Code    16  exit.o(.text)
    __user_libspace                          0x080004cd   Thumb Code     8  libspace.o(.text)
    __user_perproc_libspace                  0x080004cd   Thumb Code     0  libspace.o(.text)
    __user_perthread_libspace                0x080004cd   Thumb Code     0  libspace.o(.text)
    _sys_exit                                0x080004d5   Thumb Code     8  sys_exit.o(.text)
    __I$use$semihosting                      0x080004e1   Thumb Code     0  use_no_semi.o(.text)
    __use_no_semihosting_swi                 0x080004e1   Thumb Code     2  use_no_semi.o(.text)
    Error_Handler                            0x080004e3   Thumb Code    14  main.o(.text.Error_Handler)
    __semihosting_library_function           0x080004e3   Thumb Code     0  indicate_semi.o(.text)
    HAL_Delay                                0x080004f1   Thumb Code    64  stm32f0xx_hal.o(.text.HAL_Delay)
    HAL_GPIO_Init                            0x08000531   Thumb Code   708  stm32f0xx_hal_gpio.o(.text.HAL_GPIO_Init)
    HAL_GPIO_WritePin                        0x08000815   Thumb Code    44  stm32f0xx_hal_gpio.o(.text.HAL_GPIO_WritePin)
    HAL_GetTick                              0x08000841   Thumb Code     8  stm32f0xx_hal.o(.text.HAL_GetTick)
    HAL_IncTick                              0x08000849   Thumb Code    16  stm32f0xx_hal.o(.text.HAL_IncTick)
    HAL_Init                                 0x0800085d   Thumb Code    28  stm32f0xx_hal.o(.text.HAL_Init)
    HAL_InitTick                             0x08000879   Thumb Code   100  stm32f0xx_hal.o(.text.HAL_InitTick)
    HAL_MspInit                              0x080008e5   Thumb Code    52  stm32f0xx_hal_msp.o(.text.HAL_MspInit)
    HAL_NVIC_SetPriority                     0x08000921   Thumb Code    28  stm32f0xx_hal_cortex.o(.text.HAL_NVIC_SetPriority)
    HAL_RCC_ClockConfig                      0x0800093d   Thumb Code   432  stm32f0xx_hal_rcc.o(.text.HAL_RCC_ClockConfig)
    HAL_RCC_GetSysClockFreq                  0x08000b01   Thumb Code   184  stm32f0xx_hal_rcc.o(.text.HAL_RCC_GetSysClockFreq)
    HAL_RCC_OscConfig                        0x08000be9   Thumb Code  1676  stm32f0xx_hal_rcc.o(.text.HAL_RCC_OscConfig)
    HAL_SYSTICK_Config                       0x08001299   Thumb Code    16  stm32f0xx_hal_cortex.o(.text.HAL_SYSTICK_Config)
    HardFault_Handler                        0x080012a9   Thumb Code     4  stm32f0xx_it.o(.text.HardFault_Handler)
    NMI_Handler                              0x0800131d   Thumb Code     4  stm32f0xx_it.o(.text.NMI_Handler)
    PendSV_Handler                           0x08001321   Thumb Code     2  stm32f0xx_it.o(.text.PendSV_Handler)
    SVC_Handler                              0x08001323   Thumb Code     2  stm32f0xx_it.o(.text.SVC_Handler)
    SysTick_Handler                          0x08001375   Thumb Code     8  stm32f0xx_it.o(.text.SysTick_Handler)
    SystemClock_Config                       0x0800137d   Thumb Code   100  main.o(.text.SystemClock_Config)
    SystemInit                               0x080013e1   Thumb Code     2  system_stm32f0xx.o(.text.SystemInit)
    main                                     0x08001469   Thumb Code    84  main.o(.text.main)
    asm_sum                                  0x080014c5   Thumb Code    16  asm_sum.o(asm_unc)
    AHBPrescTable                            0x080014d4   Data          16  system_stm32f0xx.o(.rodata.AHBPrescTable)
    Region$$Table$$Base                      0x080014e4   Number         0  anon$$obj.o(Region$$Table)
    Region$$Table$$Limit                     0x08001504   Number         0  anon$$obj.o(Region$$Table)
    SystemCoreClock                          0x20000000   Data           4  system_stm32f0xx.o(.data.SystemCoreClock)
    uwTickFreq                               0x20000004   Data           1  stm32f0xx_hal.o(.data.uwTickFreq)
    uwTickPrio                               0x20000008   Data           4  stm32f0xx_hal.o(.data.uwTickPrio)
    x                                        0x2000000c   Data           4  asm_sum.o(GV)
    n                                        0x20000010   Data           4  asm_sum.o(GV)
    __libspace_start                         0x20000018   Data          96  libspace.o(.bss)
    __temporary_stack_top$libspace           0x20000078   Data           0  libspace.o(.bss)
    uwTick                                   0x20000078   Data           4  stm32f0xx_hal.o(.bss.uwTick)



==============================================================================

Memory Map of the image

  Image Entry point : 0x080000b1

  Load Region LR_IROM1 (Base: 0x08000000, Size: 0x00001520, Max: 0x00004000, ABSOLUTE)

    Execution Region ER_IROM1 (Exec base: 0x08000000, Load base: 0x08000000, Size: 0x00001504, Max: 0x00004000, ABSOLUTE)

    Exec Addr    Load Addr    Size         Type   Attr      Idx    E Section Name        Object

    0x08000000   0x08000000   0x000000b0   Data   RO            3    RESET               startup_stm32f030x6.o
    0x080000b0   0x080000b0   0x00000008   Code   RO          618  * !!!main             c_p.l(__main.o)
    0x080000b8   0x080000b8   0x0000003c   Code   RO          799    !!!scatter          c_p.l(__scatter.o)
    0x080000f4   0x080000f4   0x0000001a   Code   RO          801    !!handler_copy      c_p.l(__scatter_copy.o)
    0x0800010e   0x0800010e   0x00000002   PAD
    0x08000110   0x08000110   0x0000001c   Code   RO          803    !!handler_zi        c_p.l(__scatter_zi.o)
    0x0800012c   0x0800012c   0x00000002   Code   RO          660    .ARM.Collect$$libinit$$00000000  c_p.l(libinit.o)
    0x0800012e   0x0800012e   0x00000000   Code   RO          674    .ARM.Collect$$libinit$$00000002  c_p.l(libinit2.o)
    0x0800012e   0x0800012e   0x00000000   Code   RO          676    .ARM.Collect$$libinit$$00000004  c_p.l(libinit2.o)
    0x0800012e   0x0800012e   0x00000000   Code   RO          678    .ARM.Collect$$libinit$$00000006  c_p.l(libinit2.o)
    0x0800012e   0x0800012e   0x00000000   Code   RO          681    .ARM.Collect$$libinit$$0000000C  c_p.l(libinit2.o)
    0x0800012e   0x0800012e   0x00000000   Code   RO          683    .ARM.Collect$$libinit$$0000000E  c_p.l(libinit2.o)
    0x0800012e   0x0800012e   0x00000000   Code   RO          685    .ARM.Collect$$libinit$$00000010  c_p.l(libinit2.o)
    0x0800012e   0x0800012e   0x00000000   Code   RO          688    .ARM.Collect$$libinit$$00000013  c_p.l(libinit2.o)
    0x0800012e   0x0800012e   0x00000000   Code   RO          690    .ARM.Collect$$libinit$$00000015  c_p.l(libinit2.o)
    0x0800012e   0x0800012e   0x00000000   Code   RO          692    .ARM.Collect$$libinit$$00000017  c_p.l(libinit2.o)
    0x0800012e   0x0800012e   0x00000000   Code   RO          694    .ARM.Collect$$libinit$$00000019  c_p.l(libinit2.o)
    0x0800012e   0x0800012e   0x00000000   Code   RO          696    .ARM.Collect$$libinit$$0000001B  c_p.l(libinit2.o)
    0x0800012e   0x0800012e   0x00000000   Code   RO          698    .ARM.Collect$$libinit$$0000001D  c_p.l(libinit2.o)
    0x0800012e   0x0800012e   0x00000000   Code   RO          700    .ARM.Collect$$libinit$$0000001F  c_p.l(libinit2.o)
    0x0800012e   0x0800012e   0x00000000   Code   RO          702    .ARM.Collect$$libinit$$00000021  c_p.l(libinit2.o)
    0x0800012e   0x0800012e   0x00000000   Code   RO          704    .ARM.Collect$$libinit$$00000023  c_p.l(libinit2.o)
    0x0800012e   0x0800012e   0x00000000   Code   RO          706    .ARM.Collect$$libinit$$00000025  c_p.l(libinit2.o)
    0x0800012e   0x0800012e   0x00000000   Code   RO          708    .ARM.Collect$$libinit$$00000027  c_p.l(libinit2.o)
    0x0800012e   0x0800012e   0x00000000   Code   RO          712    .ARM.Collect$$libinit$$0000002E  c_p.l(libinit2.o)
    0x0800012e   0x0800012e   0x00000000   Code   RO          714    .ARM.Collect$$libinit$$00000030  c_p.l(libinit2.o)
    0x0800012e   0x0800012e   0x00000000   Code   RO          716    .ARM.Collect$$libinit$$00000032  c_p.l(libinit2.o)
    0x0800012e   0x0800012e   0x00000000   Code   RO          718    .ARM.Collect$$libinit$$00000034  c_p.l(libinit2.o)
    0x0800012e   0x0800012e   0x00000002   Code   RO          719    .ARM.Collect$$libinit$$00000035  c_p.l(libinit2.o)
    0x08000130   0x08000130   0x00000002   Code   RO          754    .ARM.Collect$$libshutdown$$00000000  c_p.l(libshutdown.o)
    0x08000132   0x08000132   0x00000000   Code   RO          782    .ARM.Collect$$libshutdown$$00000002  c_p.l(libshutdown2.o)
    0x08000132   0x08000132   0x00000000   Code   RO          784    .ARM.Collect$$libshutdown$$00000004  c_p.l(libshutdown2.o)
    0x08000132   0x08000132   0x00000000   Code   RO          787    .ARM.Collect$$libshutdown$$00000007  c_p.l(libshutdown2.o)
    0x08000132   0x08000132   0x00000000   Code   RO          790    .ARM.Collect$$libshutdown$$0000000A  c_p.l(libshutdown2.o)
    0x08000132   0x08000132   0x00000000   Code   RO          792    .ARM.Collect$$libshutdown$$0000000C  c_p.l(libshutdown2.o)
    0x08000132   0x08000132   0x00000000   Code   RO          795    .ARM.Collect$$libshutdown$$0000000F  c_p.l(libshutdown2.o)
    0x08000132   0x08000132   0x00000002   Code   RO          796    .ARM.Collect$$libshutdown$$00000010  c_p.l(libshutdown2.o)
    0x08000134   0x08000134   0x00000000   Code   RO          620    .ARM.Collect$$rtentry$$00000000  c_p.l(__rtentry.o)
    0x08000134   0x08000134   0x00000000   Code   RO          630    .ARM.Collect$$rtentry$$00000002  c_p.l(__rtentry2.o)
    0x08000134   0x08000134   0x00000006   Code   RO          642    .ARM.Collect$$rtentry$$00000004  c_p.l(__rtentry4.o)
    0x0800013a   0x0800013a   0x00000000   Code   RO          632    .ARM.Collect$$rtentry$$00000009  c_p.l(__rtentry2.o)
    0x0800013a   0x0800013a   0x00000004   Code   RO          633    .ARM.Collect$$rtentry$$0000000A  c_p.l(__rtentry2.o)
    0x0800013e   0x0800013e   0x00000000   Code   RO          635    .ARM.Collect$$rtentry$$0000000C  c_p.l(__rtentry2.o)
    0x0800013e   0x0800013e   0x00000008   Code   RO          636    .ARM.Collect$$rtentry$$0000000D  c_p.l(__rtentry2.o)
    0x08000146   0x08000146   0x00000002   Code   RO          665    .ARM.Collect$$rtexit$$00000000  c_p.l(rtexit.o)
    0x08000148   0x08000148   0x00000000   Code   RO          725    .ARM.Collect$$rtexit$$00000002  c_p.l(rtexit2.o)
    0x08000148   0x08000148   0x00000004   Code   RO          726    .ARM.Collect$$rtexit$$00000003  c_p.l(rtexit2.o)
    0x0800014c   0x0800014c   0x00000006   Code   RO          727    .ARM.Collect$$rtexit$$00000004  c_p.l(rtexit2.o)
    0x08000152   0x08000152   0x00000002   PAD
    0x08000154   0x08000154   0x00000038   Code   RO            4    .text               startup_stm32f030x6.o
    0x0800018c   0x0800018c   0x00000030   Code   RO          606    .text               c_p.l(llmul.o)
    0x080001bc   0x080001bc   0x00000110   Code   RO          608    .text               c_p.l(lludiv.o)
    0x080002cc   0x080002cc   0x00000040   Code   RO          610    .text               c_p.l(rt_memclr.o)
    0x0800030c   0x0800030c   0x0000016c   Code   RO          612    .text               c_p.l(aeabi_sdiv.o)
    0x08000478   0x08000478   0x00000006   Code   RO          616    .text               c_p.l(heapauxi.o)
    0x0800047e   0x0800047e   0x0000003e   Code   RO          646    .text               c_p.l(sys_stackheap_outer.o)
    0x080004bc   0x080004bc   0x00000010   Code   RO          649    .text               c_p.l(exit.o)
    0x080004cc   0x080004cc   0x00000008   Code   RO          661    .text               c_p.l(libspace.o)
    0x080004d4   0x080004d4   0x0000000c   Code   RO          720    .text               c_p.l(sys_exit.o)
    0x080004e0   0x080004e0   0x00000002   Code   RO          743    .text               c_p.l(use_no_semi.o)
    0x080004e2   0x080004e2   0x00000000   Code   RO          745    .text               c_p.l(indicate_semi.o)
    0x080004e2   0x080004e2   0x0000000e   Code   RO           17    .text.Error_Handler  main.o
    0x080004f0   0x080004f0   0x00000040   Code   RO          134    .text.HAL_Delay     stm32f0xx_hal.o
    0x08000530   0x08000530   0x000002e4   Code   RO          350    .text.HAL_GPIO_Init  stm32f0xx_hal_gpio.o
    0x08000814   0x08000814   0x0000002c   Code   RO          356    .text.HAL_GPIO_WritePin  stm32f0xx_hal_gpio.o
    0x08000840   0x08000840   0x00000008   Code   RO          126    .text.HAL_GetTick   stm32f0xx_hal.o
    0x08000848   0x08000848   0x00000014   Code   RO          124    .text.HAL_IncTick   stm32f0xx_hal.o
    0x0800085c   0x0800085c   0x0000001c   Code   RO          114    .text.HAL_Init      stm32f0xx_hal.o
    0x08000878   0x08000878   0x0000006c   Code   RO          116    .text.HAL_InitTick  stm32f0xx_hal.o
    0x080008e4   0x080008e4   0x0000003c   Code   RO           44    .text.HAL_MspInit   stm32f0xx_hal_msp.o
    0x08000920   0x08000920   0x0000001c   Code   RO          408    .text.HAL_NVIC_SetPriority  stm32f0xx_hal_cortex.o
    0x0800093c   0x0800093c   0x000001c4   Code   RO           71    .text.HAL_RCC_ClockConfig  stm32f0xx_hal_rcc.o
    0x08000b00   0x08000b00   0x000000e8   Code   RO           73    .text.HAL_RCC_GetSysClockFreq  stm32f0xx_hal_rcc.o
    0x08000be8   0x08000be8   0x000006b0   Code   RO           69    .text.HAL_RCC_OscConfig  stm32f0xx_hal_rcc.o
    0x08001298   0x08001298   0x00000010   Code   RO          424    .text.HAL_SYSTICK_Config  stm32f0xx_hal_cortex.o
    0x080012a8   0x080012a8   0x00000004   Code   RO           29    .text.HardFault_Handler  stm32f0xx_it.o
    0x080012ac   0x080012ac   0x00000070   Code   RO           15    .text.MX_GPIO_Init  main.o
    0x0800131c   0x0800131c   0x00000004   Code   RO           27    .text.NMI_Handler   stm32f0xx_it.o
    0x08001320   0x08001320   0x00000002   Code   RO           33    .text.PendSV_Handler  stm32f0xx_it.o
    0x08001322   0x08001322   0x00000002   Code   RO           31    .text.SVC_Handler   stm32f0xx_it.o
    0x08001324   0x08001324   0x00000050   Code   RO          426    .text.SysTick_Config  stm32f0xx_hal_cortex.o
    0x08001374   0x08001374   0x00000008   Code   RO           35    .text.SysTick_Handler  stm32f0xx_it.o
    0x0800137c   0x0800137c   0x00000064   Code   RO           13    .text.SystemClock_Config  main.o
    0x080013e0   0x080013e0   0x00000002   Code   RO          589    .text.SystemInit    system_stm32f0xx.o
    0x080013e2   0x080013e2   0x00000002   PAD
    0x080013e4   0x080013e4   0x00000084   Code   RO          410    .text.__NVIC_SetPriority  stm32f0xx_hal_cortex.o
    0x08001468   0x08001468   0x0000005c   Code   RO           11    .text.main          main.o
    0x080014c4   0x080014c4   0x00000010   Code   RO           59    asm_unc             asm_sum.o
    0x080014d4   0x080014d4   0x00000010   Data   RO          594    .rodata.AHBPrescTable  system_stm32f0xx.o
    0x080014e4   0x080014e4   0x00000020   Data   RO          798    Region$$Table       anon$$obj.o


    Execution Region RW_IRAM1 (Exec base: 0x20000000, Load base: 0x08001508, Size: 0x00000680, Max: 0x00001000, ABSOLUTE)

    Exec Addr    Load Addr    Size         Type   Attr      Idx    E Section Name        Object

    0x20000000   0x08001508   0x00000004   Data   RW          593    .data.SystemCoreClock  system_stm32f0xx.o
    0x20000004   0x0800150c   0x00000001   Data   RW          161    .data.uwTickFreq    stm32f0xx_hal.o
    0x20000005   0x0800150d   0x00000003   PAD
    0x20000008   0x08001510   0x00000004   Data   RW          160    .data.uwTickPrio    stm32f0xx_hal.o
    0x2000000c   0x08001514   0x00000008   Data   RW           60    GV                  asm_sum.o
    0x20000014   0x0800151c   0x00000004   PAD
    0x20000018        -       0x00000060   Zero   RW          662    .bss                c_p.l(libspace.o)
    0x20000078        -       0x00000004   Zero   RW          162    .bss.uwTick         stm32f0xx_hal.o
    0x2000007c   0x0800151c   0x00000004   PAD
    0x20000080        -       0x00000200   Zero   RW            2    HEAP                startup_stm32f030x6.o
    0x20000280        -       0x00000400   Zero   RW            1    STACK               startup_stm32f030x6.o


==============================================================================

Image component sizes


      Code (inc. data)   RO Data    RW Data    ZI Data      Debug   Object Name

        16          0          0          8          0        312   asm_sum.o
       318         12          0          0          0       2829   main.o
        56         26        176          0       1536        604   startup_stm32f030x6.o
       228         12          0          5          4       4982   stm32f0xx_hal.o
       256         20          0          0          0       4970   stm32f0xx_hal_cortex.o
       784         32          0          0          0       4478   stm32f0xx_hal_gpio.o
        60          8          0          0          0       1017   stm32f0xx_hal_msp.o
      2396        116          0          0          0       7440   stm32f0xx_hal_rcc.o
        20          0          0          0          0        687   stm32f0xx_it.o
         2          0         16          4          0       1575   system_stm32f0xx.o

    ----------------------------------------------------------------------
      4138        226        224         20       1548      28894   Object Totals
         0          0         32          0          0          0   (incl. Generated)
         2          0          0          3          8          0   (incl. Padding)

    ----------------------------------------------------------------------

      Code (inc. data)   RO Data    RW Data    ZI Data      Debug   Library Member Name

         8          0          0          0          0         68   __main.o
         0          0          0          0          0          0   __rtentry.o
        12          0          0          0          0          0   __rtentry2.o
         6          0          0          0          0          0   __rtentry4.o
        60          8          0          0          0          0   __scatter.o
        26          0          0          0          0          0   __scatter_copy.o
        28          0          0          0          0          0   __scatter_zi.o
       364          4          0          0          0         92   aeabi_sdiv.o
        16          0          0          0          0         68   exit.o
         6          0          0          0          0        136   heapauxi.o
         0          0          0          0          0          0   indicate_semi.o
         2          0          0          0          0          0   libinit.o
         2          0          0          0          0          0   libinit2.o
         2          0          0          0          0          0   libshutdown.o
         2          0          0          0          0          0   libshutdown2.o
         8          4          0          0         96         68   libspace.o
        48          0          0          0          0         72   llmul.o
       272          0          0          0          0         88   lludiv.o
        64          0          0          0          0        108   rt_memclr.o
         2          0          0          0          0          0   rtexit.o
        10          0          0          0          0          0   rtexit2.o
        12          4          0          0          0         60   sys_exit.o
        62          0          0          0          0         80   sys_stackheap_outer.o
         2          0          0          0          0         68   use_no_semi.o

    ----------------------------------------------------------------------
      1018         20          0          0         96        908   Library Totals
         4          0          0          0          0          0   (incl. Padding)

    ----------------------------------------------------------------------

      Code (inc. data)   RO Data    RW Data    ZI Data      Debug   Library Name

      1014         20          0          0         96        908   c_p.l

    ----------------------------------------------------------------------
      1018         20          0          0         96        908   Library Totals

    ----------------------------------------------------------------------

==============================================================================


      Code (inc. data)   RO Data    RW Data    ZI Data      Debug   

      5156        246        224         20       1644      29334   Grand Totals
      5156        246        224         20       1644      29334   ELF Image Totals
      5156        246        224         20          0          0   ROM Totals

==============================================================================

    Total RO  Size (Code + RO Data)                 5380 (   5.25kB)
    Total RW  Size (RW Data + ZI Data)              1664 (   1.62kB)
    Total ROM Size (Code + RO Data + RW Data)       5400 (   5.27kB)

==============================================================================

